Component: ARM Compiler 5.06 update 5 (build 528) Tool: armlink [4d35e2]

==============================================================================

Section Cross References

    main.o(i.EXTI0_IRQHandler) refers to noretval__2printf.o(.text) for __2printf
    main.o(i.EXTI0_IRQHandler) refers to queue.o(i.xQueueGenericSendFromISR) for xQueueGenericSendFromISR
    main.o(i.EXTI0_IRQHandler) refers to main.o(i.__NVIC_SystemReset) for __NVIC_SystemReset
    main.o(i.EXTI0_IRQHandler) refers to main.o(.data) for t1_Msg
    main.o(i.MX_GPIO_Init) refers to stm32f4xx_hal_gpio.o(i.HAL_GPIO_Init) for HAL_GPIO_Init
    main.o(i.SystemClock_Config) refers to stm32f4xx_hal_rcc.o(i.HAL_RCC_GetHCLKFreq) for HAL_RCC_GetHCLKFreq
    main.o(i.SystemClock_Config) refers to stm32f4xx_hal_cortex.o(i.HAL_SYSTICK_Config) for HAL_SYSTICK_Config
    main.o(i.SystemClock_Config) refers to stm32f4xx_hal_cortex.o(i.HAL_SYSTICK_CLKSourceConfig) for HAL_SYSTICK_CLKSourceConfig
    main.o(i.SystemClock_Config) refers to stm32f4xx_hal_cortex.o(i.HAL_NVIC_SetPriority) for HAL_NVIC_SetPriority
    main.o(i.checkTask) refers to stm32f4xx_hal_gpio.o(i.HAL_GPIO_WritePin) for HAL_GPIO_WritePin
    main.o(i.main) refers to stm32f4xx_hal.o(i.HAL_Init) for HAL_Init
    main.o(i.main) refers to main.o(i.SystemClock_Config) for SystemClock_Config
    main.o(i.main) refers to main.o(i.MX_GPIO_Init) for MX_GPIO_Init
    main.o(i.main) refers to main.o(i.configInputPin) for configInputPin
    main.o(i.main) refers to main.o(i.configInterrupt) for configInterrupt
    main.o(i.main) refers to tasks.o(i.xTaskCreate) for xTaskCreate
    main.o(i.main) refers to queue.o(i.xQueueGenericCreate) for xQueueGenericCreate
    main.o(i.main) refers to tasks.o(i.vTaskStartScheduler) for vTaskStartScheduler
    main.o(i.main) refers to noretval__2printf.o(.text) for __2printf
    main.o(i.main) refers to main.o(i.checkTask) for checkTask
    main.o(i.main) refers to main.o(.data) for qHandle
    main.o(i.main) refers to main.o(i.vRxTask) for vRxTask
    main.o(i.vRxTask) refers to _printf_percent.o(.ARM.Collect$$_printf_percent$$00000000) for _printf_percent
    main.o(i.vRxTask) refers to _printf_s.o(.ARM.Collect$$_printf_percent$$00000014) for _printf_s
    main.o(i.vRxTask) refers to _printf_str.o(.text) for _printf_str
    main.o(i.vRxTask) refers to queue.o(i.xQueueGenericReceive) for xQueueGenericReceive
    main.o(i.vRxTask) refers to noretval__2printf.o(.text) for __2printf
    main.o(i.vRxTask) refers to stm32f4xx_hal_gpio.o(i.HAL_GPIO_WritePin) for HAL_GPIO_WritePin
    main.o(i.vRxTask) refers to main.o(i.__NVIC_SystemReset) for __NVIC_SystemReset
    main.o(i.vRxTask) refers to main.o(.data) for qHandle
    main.o(.data) refers to main.o(.conststring) for .conststring
    queue.o(i.pcQueueGetName) refers to queue.o(.bss) for xQueueRegistry
    queue.o(i.prvCopyDataFromQueue) refers to rt_memcpy_v6.o(.text) for __aeabi_memcpy
    queue.o(i.prvCopyDataToQueue) refers to tasks.o(i.xTaskPriorityDisinherit) for xTaskPriorityDisinherit
    queue.o(i.prvCopyDataToQueue) refers to rt_memcpy_v6.o(.text) for __aeabi_memcpy
    queue.o(i.prvInitialiseMutex) refers to queue.o(i.xQueueGenericSend) for xQueueGenericSend
    queue.o(i.prvInitialiseNewQueue) refers to queue.o(i.xQueueGenericReset) for xQueueGenericReset
    queue.o(i.prvIsQueueEmpty) refers to port.o(i.vPortEnterCritical) for vPortEnterCritical
    queue.o(i.prvIsQueueEmpty) refers to port.o(i.vPortExitCritical) for vPortExitCritical
    queue.o(i.prvIsQueueFull) refers to port.o(i.vPortEnterCritical) for vPortEnterCritical
    queue.o(i.prvIsQueueFull) refers to port.o(i.vPortExitCritical) for vPortExitCritical
    queue.o(i.prvUnlockQueue) refers to port.o(i.vPortEnterCritical) for vPortEnterCritical
    queue.o(i.prvUnlockQueue) refers to tasks.o(i.xTaskRemoveFromEventList) for xTaskRemoveFromEventList
    queue.o(i.prvUnlockQueue) refers to tasks.o(i.vTaskMissedYield) for vTaskMissedYield
    queue.o(i.prvUnlockQueue) refers to port.o(i.vPortExitCritical) for vPortExitCritical
    queue.o(i.uxQueueMessagesWaiting) refers to port.o(i.vPortEnterCritical) for vPortEnterCritical
    queue.o(i.uxQueueMessagesWaiting) refers to port.o(i.vPortExitCritical) for vPortExitCritical
    queue.o(i.uxQueueSpacesAvailable) refers to port.o(i.vPortEnterCritical) for vPortEnterCritical
    queue.o(i.uxQueueSpacesAvailable) refers to port.o(i.vPortExitCritical) for vPortExitCritical
    queue.o(i.vQueueAddToRegistry) refers to queue.o(.bss) for xQueueRegistry
    queue.o(i.vQueueDelete) refers to queue.o(i.vQueueUnregisterQueue) for vQueueUnregisterQueue
    queue.o(i.vQueueDelete) refers to heap_2.o(i.vPortFree) for vPortFree
    queue.o(i.vQueueUnregisterQueue) refers to queue.o(.bss) for xQueueRegistry
    queue.o(i.xQueueCreateCountingSemaphore) refers to queue.o(i.xQueueGenericCreate) for xQueueGenericCreate
[...]
    C:\Keil_v5\ARM\PACK\Keil\STM32F4xx_DFP\2.11.0\Drivers\STM32F4xx_HAL_Driver\Src\stm32f4xx_hal_rcc_ex.c 0x00000000   Number         0  stm32f4xx_hal_rcc_ex.o ABSOLUTE
    C:\\Keil_v5\\ARM\\PACK\\Keil\\STM32F4xx_DFP\\2.11.0\\Drivers\\STM32F4xx_HAL_Driver\\Src\\stm32f4xx_hal.c 0x00000000   Number         0  stm32f4xx_hal.o ABSOLUTE
    C:\\Keil_v5\\ARM\\PACK\\Keil\\STM32F4xx_DFP\\2.11.0\\Drivers\\STM32F4xx_HAL_Driver\\Src\\stm32f4xx_hal_cortex.c 0x00000000   Number         0  stm32f4xx_hal_cortex.o ABSOLUTE
    C:\\Keil_v5\\ARM\\PACK\\Keil\\STM32F4xx_DFP\\2.11.0\\Drivers\\STM32F4xx_HAL_Driver\\Src\\stm32f4xx_hal_gpio.c 0x00000000   Number         0  stm32f4xx_hal_gpio.o ABSOLUTE
    C:\\Keil_v5\\ARM\\PACK\\Keil\\STM32F4xx_DFP\\2.11.0\\Drivers\\STM32F4xx_HAL_Driver\\Src\\stm32f4xx_hal_pwr.c 0x00000000   Number         0  stm32f4xx_hal_pwr.o ABSOLUTE
    C:\\Keil_v5\\ARM\\PACK\\Keil\\STM32F4xx_DFP\\2.11.0\\Drivers\\STM32F4xx_HAL_Driver\\Src\\stm32f4xx_hal_pwr_ex.c 0x00000000   Number         0  stm32f4xx_hal_pwr_ex.o ABSOLUTE
    C:\\Keil_v5\\ARM\\PACK\\Keil\\STM32F4xx_DFP\\2.11.0\\Drivers\\STM32F4xx_HAL_Driver\\Src\\stm32f4xx_hal_rcc.c 0x00000000   Number         0  stm32f4xx_hal_rcc.o ABSOLUTE
    C:\\Keil_v5\\ARM\\PACK\\Keil\\STM32F4xx_DFP\\2.11.0\\Drivers\\STM32F4xx_HAL_Driver\\Src\\stm32f4xx_hal_rcc_ex.c 0x00000000   Number         0  stm32f4xx_hal_rcc_ex.o ABSOLUTE
    RTE\Device\STM32F407VGTx\startup_stm32f407xx.s 0x00000000   Number         0  startup_stm32f407xx.o ABSOLUTE
    RTE\Device\STM32F407VGTx\system_stm32f4xx.c 0x00000000   Number         0  system_stm32f4xx.o ABSOLUTE
    RTE\\Device\\STM32F407VGTx\\system_stm32f4xx.c 0x00000000   Number         0  system_stm32f4xx.o ABSOLUTE
    dc.s                                     0x00000000   Number         0  dc.o ABSOLUTE
    main.c                                   0x00000000   Number         0  main.o ABSOLUTE
    main.c                                   0x00000000   Number         0  main.o ABSOLUTE
    RESET                                    0x08000000   Section      392  startup_stm32f407xx.o(RESET)
    !!!main                                  0x08000188   Section        8  __main.o(!!!main)
    !!!scatter                               0x08000190   Section       52  __scatter.o(!!!scatter)
    !!handler_copy                           0x080001c4   Section       26  __scatter_copy.o(!!handler_copy)
    !!handler_zi                             0x080001e0   Section       28  __scatter_zi.o(!!handler_zi)
    .ARM.Collect$$_printf_percent$$00000000  0x080001fc   Section        0  _printf_percent.o(.ARM.Collect$$_printf_percent$$00000000)
    .ARM.Collect$$_printf_percent$$00000014  0x080001fc   Section        6  _printf_s.o(.ARM.Collect$$_printf_percent$$00000014)
    .ARM.Collect$$_printf_percent$$00000017  0x08000202   Section        4  _printf_percent_end.o(.ARM.Collect$$_printf_percent$$00000017)
    .ARM.Collect$$libinit$$00000000          0x08000206   Section        2  libinit.o(.ARM.Collect$$libinit$$00000000)
    .ARM.Collect$$libinit$$00000001          0x08000208   Section        4  libinit2.o(.ARM.Collect$$libinit$$00000001)
    .ARM.Collect$$libinit$$00000004          0x0800020c   Section        0  libinit2.o(.ARM.Collect$$libinit$$00000004)
    .ARM.Collect$$libinit$$00000005          0x0800020c   Section        8  libinit2.o(.ARM.Collect$$libinit$$00000005)
    .ARM.Collect$$libinit$$0000000A          0x08000214   Section        0  libinit2.o(.ARM.Collect$$libinit$$0000000A)
    .ARM.Collect$$libinit$$0000000C          0x08000214   Section        0  libinit2.o(.ARM.Collect$$libinit$$0000000C)
    .ARM.Collect$$libinit$$0000000E          0x08000214   Section        0  libinit2.o(.ARM.Collect$$libinit$$0000000E)
    .ARM.Collect$$libinit$$00000011          0x08000214   Section        0  libinit2.o(.ARM.Collect$$libinit$$00000011)
    .ARM.Collect$$libinit$$00000013          0x08000214   Section        0  libinit2.o(.ARM.Collect$$libinit$$00000013)
    .ARM.Collect$$libinit$$00000015          0x08000214   Section        0  libinit2.o(.ARM.Collect$$libinit$$00000015)
    .ARM.Collect$$libinit$$00000017          0x08000214   Section        0  libinit2.o(.ARM.Collect$$libinit$$00000017)
    .ARM.Collect$$libinit$$00000019          0x08000214   Section        0  libinit2.o(.ARM.Collect$$libinit$$00000019)
    .ARM.Collect$$libinit$$0000001B          0x08000214   Section        0  libinit2.o(.ARM.Collect$$libinit$$0000001B)
    .ARM.Collect$$libinit$$0000001D          0x08000214   Section        0  libinit2.o(.ARM.Collect$$libinit$$0000001D)
    .ARM.Collect$$libinit$$0000001F          0x08000214   Section        0  libinit2.o(.ARM.Collect$$libinit$$0000001F)
    .ARM.Collect$$libinit$$00000021          0x08000214   Section        0  libinit2.o(.ARM.Collect$$libinit$$00000021)
    .ARM.Collect$$libinit$$00000023          0x08000214   Section        0  libinit2.o(.ARM.Collect$$libinit$$00000023)
    .ARM.Collect$$libinit$$00000024          0x08000214   Section        4  libinit2.o(.ARM.Collect$$libinit$$00000024)
    .ARM.Collect$$libinit$$00000025          0x08000218   Section        0  libinit2.o(.ARM.Collect$$libinit$$00000025)
    .ARM.Collect$$libinit$$0000002C          0x08000218   Section        0  libinit2.o(.ARM.Collect$$libinit$$0000002C)
    .ARM.Collect$$libinit$$0000002E          0x08000218   Section        0  libinit2.o(.ARM.Collect$$libinit$$0000002E)
    .ARM.Collect$$libinit$$00000030          0x08000218   Section        0  libinit2.o(.ARM.Collect$$libinit$$00000030)
    .ARM.Collect$$libinit$$00000032          0x08000218   Section        0  libinit2.o(.ARM.Collect$$libinit$$00000032)
    .ARM.Collect$$libinit$$00000033          0x08000218   Section        2  libinit2.o(.ARM.Collect$$libinit$$00000033)
    .ARM.Collect$$libshutdown$$00000000      0x0800021a   Section        2  libshutdown.o(.ARM.Collect$$libshutdown$$00000000)
    .ARM.Collect$$libshutdown$$00000002      0x0800021c   Section        0  libshutdown2.o(.ARM.Collect$$libshutdown$$00000002)
    .ARM.Collect$$libshutdown$$00000003      0x0800021c   Section        4  libshutdown2.o(.ARM.Collect$$libshutdown$$00000003)
    .ARM.Collect$$libshutdown$$00000004      0x08000220   Section        0  libshutdown2.o(.ARM.Collect$$libshutdown$$00000004)
    .ARM.Collect$$libshutdown$$00000007      0x08000220   Section        0  libshutdown2.o(.ARM.Collect$$libshutdown$$00000007)
    .ARM.Collect$$libshutdown$$0000000A      0x08000220   Section        0  libshutdown2.o(.ARM.Collect$$libshutdown$$0000000A)
    .ARM.Collect$$libshutdown$$0000000C      0x08000220   Section        0  libshutdown2.o(.ARM.Collect$$libshutdown$$0000000C)
    .ARM.Collect$$libshutdown$$0000000F      0x08000220   Section        0  libshutdown2.o(.ARM.Collect$$libshutdown$$0000000F)
    .ARM.Collect$$libshutdown$$00000010      0x08000220   Section        2  libshutdown2.o(.ARM.Collect$$libshutdown$$00000010)
    .ARM.Collect$$rtentry$$00000000          0x08000222   Section        0  __rtentry.o(.ARM.Collect$$rtentry$$00000000)
    .ARM.Collect$$rtentry$$00000002          0x08000222   Section        0  __rtentry2.o(.ARM.Collect$$rtentry$$00000002)
    .ARM.Collect$$rtentry$$00000004          0x08000222   Section        6  __rtentry4.o(.ARM.Collect$$rtentry$$00000004)
    .ARM.Collect$$rtentry$$00000009          0x08000228   Section        0  __rtentry2.o(.ARM.Collect$$rtentry$$00000009)
    .ARM.Collect$$rtentry$$0000000A          0x08000228   Section        4  __rtentry2.o(.ARM.Collect$$rtentry$$0000000A)
    .ARM.Collect$$rtentry$$0000000C          0x0800022c   Section        0  __rtentry2.o(.ARM.Collect$$rtentry$$0000000C)
    .ARM.Collect$$rtentry$$0000000D          0x0800022c   Section        8  __rtentry2.o(.ARM.Collect$$rtentry$$0000000D)
    .ARM.Collect$$rtexit$$00000000           0x08000234   Section        2  rtexit.o(.ARM.Collect$$rtexit$$00000000)
    .ARM.Collect$$rtexit$$00000002           0x08000236   Section        0  rtexit2.o(.ARM.Collect$$rtexit$$00000002)
    .ARM.Collect$$rtexit$$00000003           0x08000236   Section        4  rtexit2.o(.ARM.Collect$$rtexit$$00000003)
    .ARM.Collect$$rtexit$$00000004           0x0800023a   Section        6  rtexit2.o(.ARM.Collect$$rtexit$$00000004)
    .emb_text                                0x08000240   Section      182  port.o(.emb_text)
    $v0                                      0x08000240   Number         0  port.o(.emb_text)
    .emb_text                                0x080002f8   Section        0  maybetermalloc1.o(.emb_text)
    .text                                    0x080002f8   Section       64  startup_stm32f407xx.o(.text)
    $v0                                      0x080002f8   Number         0  startup_stm32f407xx.o(.text)
    .text                                    0x08000338   Section        0  noretval__2printf.o(.text)
    .text                                    0x08000350   Section        0  __printf.o(.text)
    .text                                    0x080003b8   Section        0  _printf_str.o(.text)
    .text                                    0x0800040a   Section      138  rt_memcpy_v6.o(.text)
    .text                                    0x08000494   Section       16  aeabi_memset.o(.text)
    .text                                    0x080004a4   Section      128  strcmpv7m.o(.text)
    .text                                    0x08000524   Section        0  heapauxi.o(.text)
    .text                                    0x0800052a   Section        0  _printf_char.o(.text)
    .text                                    0x08000558   Section        0  _printf_char_file.o(.text)
    .text                                    0x0800057c   Section      100  rt_memcpy_w.o(.text)
    .text                                    0x080005e0   Section       68  rt_memclr.o(.text)
    .text                                    0x08000624   Section        0  _printf_char_common.o(.text)
    _printf_input_char                       0x08000625   Thumb Code    10  _printf_char_common.o(.text)
    .text                                    0x08000654   Section        0  ferror.o(.text)
    .text                                    0x0800065c   Section        0  initio.o(.text)
    .text                                    0x08000794   Section       78  rt_memclr_w.o(.text)
    .text                                    0x080007e2   Section       74  sys_stackheap_outer.o(.text)
    .text                                    0x0800082c   Section        0  h1_free.o(.text)
    .text                                    0x0800087a   Section        0  flsbuf.o(.text)
    .text                                    0x08000a50   Section        0  setvbuf.o(.text)
    .text                                    0x08000a98   Section        0  fopen.o(.text)
    _freopen_locked                          0x08000a99   Thumb Code     0  fopen.o(.text)
    .text                                    0x08000b84   Section        0  fclose.o(.text)
    .text                                    0x08000bd0   Section        0  exit.o(.text)
    .text                                    0x08000be2   Section        0  defsig_rtred_outer.o(.text)
    .text                                    0x08000bf0   Section        8  libspace.o(.text)
    .text                                    0x08000bf8   Section        8  rt_heap_descriptor_intlibspace.o(.text)
    .text                                    0x08000c00   Section        0  hguard.o(.text)
    .text                                    0x08000c04   Section        0  init_alloc.o(.text)
    .text                                    0x08000c8e   Section        0  h1_alloc.o(.text)
    .text                                    0x08000cec   Section        0  fseek.o(.text)
    .text                                    0x08000de4   Section        0  stdio.o(.text)
    .text                                    0x08000ed4   Section        0  defsig_exit.o(.text)
    .text                                    0x08000ee0   Section        0  defsig_rtred_inner.o(.text)
    .text                                    0x08000f14   Section        0  sys_exit.o(.text)
    .text                                    0x08000f20   Section        0  h1_init.o(.text)
    .text                                    0x08000f2e   Section        0  h1_extend.o(.text)
    .text                                    0x08000f62   Section        0  ftell.o(.text)
    .text                                    0x08000fa4   Section        0  defsig_general.o(.text)
    .text                                    0x08000fd6   Section        0  defsig_rtmem_outer.o(.text)
    .text                                    0x08000fe4   Section        0  sys_wrch.o(.text)
    .text                                    0x08000ff2   Section        2  use_no_semi.o(.text)
    .text                                    0x08000ff4   Section        8  rt_errno_addr_intlibspace.o(.text)
    .text                                    0x08000ff4   Section        0  indicate_semi.o(.text)
    .text                                    0x08000ffc   Section        0  defsig_rtmem_inner.o(.text)
    i.EXTI0_IRQHandler                       0x0800104c   Section        0  main.o(i.EXTI0_IRQHandler)
    i.HAL_GPIO_Init                          0x080010e8   Section        0  stm32f4xx_hal_gpio.o(i.HAL_GPIO_Init)
    i.HAL_GPIO_WritePin                      0x080012e8   Section        0  stm32f4xx_hal_gpio.o(i.HAL_GPIO_WritePin)
    i.HAL_Init                               0x080012f4   Section        0  stm32f4xx_hal.o(i.HAL_Init)
    i.HAL_InitTick                           0x08001330   Section        0  stm32f4xx_hal.o(i.HAL_InitTick)
    i.HAL_MspInit                            0x08001358   Section        0  stm32f4xx_hal.o(i.HAL_MspInit)
    i.HAL_NVIC_SetPriority                   0x0800135a   Section        0  stm32f4xx_hal_cortex.o(i.HAL_NVIC_SetPriority)
    i.HAL_NVIC_SetPriorityGrouping           0x080013d8   Section        0  stm32f4xx_hal_cortex.o(i.HAL_NVIC_SetPriorityGrouping)
    i.HAL_RCC_GetHCLKFreq                    0x08001400   Section        0  stm32f4xx_hal_rcc.o(i.HAL_RCC_GetHCLKFreq)
    i.HAL_SYSTICK_CLKSourceConfig            0x0800140c   Section        0  stm32f4xx_hal_cortex.o(i.HAL_SYSTICK_CLKSourceConfig)
    i.HAL_SYSTICK_Config                     0x08001434   Section        0  stm32f4xx_hal_cortex.o(i.HAL_SYSTICK_Config)
    i.ITM_SendChar                           0x08001468   Section        0  retarget_io.o(i.ITM_SendChar)
    i.MX_GPIO_Init                           0x08001498   Section        0  main.o(i.MX_GPIO_Init)
    MX_GPIO_Init                             0x08001499   Thumb Code    64  main.o(i.MX_GPIO_Init)
    i.SysTick_Handler                        0x080014e0   Section        0  port.o(i.SysTick_Handler)
    i.SystemClock_Config                     0x08001514   Section        0  main.o(i.SystemClock_Config)
    i.SystemInit                             0x080015a4   Section        0  system_stm32f4xx.o(i.SystemInit)
    i.__NVIC_GetPriorityGrouping             0x08001608   Section        0  stm32f4xx_hal_cortex.o(i.__NVIC_GetPriorityGrouping)
    __NVIC_GetPriorityGrouping               0x08001609   Thumb Code    10  stm32f4xx_hal_cortex.o(i.__NVIC_GetPriorityGrouping)
    i.__NVIC_SetPriority                     0x08001618   Section        0  stm32f4xx_hal_cortex.o(i.__NVIC_SetPriority)
    __NVIC_SetPriority                       0x08001619   Thumb Code    32  stm32f4xx_hal_cortex.o(i.__NVIC_SetPriority)
    i.__NVIC_SystemReset                     0x08001640   Section        0  main.o(i.__NVIC_SystemReset)
    __NVIC_SystemReset                       0x08001641   Thumb Code    56  main.o(i.__NVIC_SystemReset)
    i._sys_close                             0x08001680   Section        0  retarget_io.o(i._sys_close)
    i._sys_flen                              0x080016a6   Section        0  retarget_io.o(i._sys_flen)
    i._sys_istty                             0x080016ca   Section        0  retarget_io.o(i._sys_istty)
    i._sys_open                              0x080016f0   Section        0  retarget_io.o(i._sys_open)
    i._sys_seek                              0x08001758   Section        0  retarget_io.o(i._sys_seek)
    i._sys_write                             0x08001784   Section        0  retarget_io.o(i._sys_write)
    i.checkTask                              0x080017cc   Section        0  main.o(i.checkTask)
    i.configInputPin                         0x08001818   Section        0  main.o(i.configInputPin)
    configInputPin                           0x08001819   Thumb Code    86  main.o(i.configInputPin)
    i.configInterrupt                        0x08001878   Section        0  main.o(i.configInterrupt)
    configInterrupt                          0x08001879   Thumb Code   148  main.o(i.configInterrupt)
    i.fputc                                  0x08001920   Section        0  fputc.o(i.fputc)
    i.main                                   0x0800193c   Section        0  main.o(i.main)
    i.prvAddCurrentTaskToDelayedList         0x080019e4   Section        0  tasks.o(i.prvAddCurrentTaskToDelayedList)
    prvAddCurrentTaskToDelayedList           0x080019e5   Thumb Code   124  tasks.o(i.prvAddCurrentTaskToDelayedList)
    i.prvAddNewTaskToReadyList               0x08001a7c   Section        0  tasks.o(i.prvAddNewTaskToReadyList)
    prvAddNewTaskToReadyList                 0x08001a7d   Thumb Code   156  tasks.o(i.prvAddNewTaskToReadyList)
    i.prvCheckTasksWaitingTermination        0x08001b34   Section        0  tasks.o(i.prvCheckTasksWaitingTermination)
    prvCheckTasksWaitingTermination          0x08001b35   Thumb Code    86  tasks.o(i.prvCheckTasksWaitingTermination)
    i.prvCopyDataFromQueue                   0x08001b98   Section        0  queue.o(i.prvCopyDataFromQueue)
    prvCopyDataFromQueue                     0x08001b99   Thumb Code    42  queue.o(i.prvCopyDataFromQueue)
    i.prvCopyDataToQueue                     0x08001bc2   Section        0  queue.o(i.prvCopyDataToQueue)
    prvCopyDataToQueue                       0x08001bc3   Thumb Code   124  queue.o(i.prvCopyDataToQueue)
    i.prvDeleteTCB                           0x08001c3e   Section        0  tasks.o(i.prvDeleteTCB)
    prvDeleteTCB                             0x08001c3f   Thumb Code    18  tasks.o(i.prvDeleteTCB)
    i.prvHeapInit                            0x08001c50   Section        0  heap_2.o(i.prvHeapInit)
    prvHeapInit                              0x08001c51   Thumb Code    38  heap_2.o(i.prvHeapInit)
    i.prvIdleTask                            0x08001c88   Section        0  tasks.o(i.prvIdleTask)
    prvIdleTask                              0x08001c89   Thumb Code     8  tasks.o(i.prvIdleTask)
    i.prvInitialiseNewQueue                  0x08001c90   Section        0  queue.o(i.prvInitialiseNewQueue)
    prvInitialiseNewQueue                    0x08001c91   Thumb Code    42  queue.o(i.prvInitialiseNewQueue)
    i.prvInitialiseNewTask                   0x08001cba   Section        0  tasks.o(i.prvInitialiseNewTask)
    prvInitialiseNewTask                     0x08001cbb   Thumb Code   180  tasks.o(i.prvInitialiseNewTask)
    i.prvInitialiseTaskLists                 0x08001d70   Section        0  tasks.o(i.prvInitialiseTaskLists)
    prvInitialiseTaskLists                   0x08001d71   Thumb Code    70  tasks.o(i.prvInitialiseTaskLists)
    i.prvIsQueueEmpty                        0x08001dd8   Section        0  queue.o(i.prvIsQueueEmpty)
    prvIsQueueEmpty                          0x08001dd9   Thumb Code    26  queue.o(i.prvIsQueueEmpty)
    i.prvResetNextTaskUnblockTime            0x08001df4   Section        0  tasks.o(i.prvResetNextTaskUnblockTime)
    prvResetNextTaskUnblockTime              0x08001df5   Thumb Code    42  tasks.o(i.prvResetNextTaskUnblockTime)
    i.prvTaskExitError                       0x08001e28   Section        0  port.o(i.prvTaskExitError)
    prvTaskExitError                         0x08001e29   Thumb Code    60  port.o(i.prvTaskExitError)
    i.prvUnlockQueue                         0x08001e68   Section        0  queue.o(i.prvUnlockQueue)
    prvUnlockQueue                           0x08001e69   Thumb Code   126  queue.o(i.prvUnlockQueue)
    i.pvPortMalloc                           0x08001ee8   Section        0  heap_2.o(i.pvPortMalloc)
    i.pvTaskIncrementMutexHeldCount          0x08001fa0   Section        0  tasks.o(i.pvTaskIncrementMutexHeldCount)
    i.pxPortInitialiseStack                  0x08001fc0   Section        0  port.o(i.pxPortInitialiseStack)
    i.stdout_putchar                         0x08001fec   Section        0  retarget_io.o(i.stdout_putchar)
    stdout_putchar                           0x08001fed   Thumb Code    12  retarget_io.o(i.stdout_putchar)
    i.uxListRemove                           0x08001ff8   Section        0  list.o(i.uxListRemove)
    i.vListInitialise                        0x08002020   Section        0  list.o(i.vListInitialise)
    i.vListInitialiseItem                    0x0800203a   Section        0  list.o(i.vListInitialiseItem)
    i.vListInsert                            0x08002040   Section        0  list.o(i.vListInsert)
    i.vListInsertEnd                         0x08002074   Section        0  list.o(i.vListInsertEnd)
    i.vPortEnterCritical                     0x0800208c   Section        0  port.o(i.vPortEnterCritical)
    i.vPortExitCritical                      0x080020e0   Section        0  port.o(i.vPortExitCritical)
    i.vPortFree                              0x0800211c   Section        0  heap_2.o(i.vPortFree)
    i.vPortSetupTimerInterrupt               0x0800215c   Section        0  port.o(i.vPortSetupTimerInterrupt)
    i.vPortValidateInterruptPriority         0x0800217c   Section        0  port.o(i.vPortValidateInterruptPriority)
    i.vRxTask                                0x080021f4   Section        0  main.o(i.vRxTask)
    i.vTaskMissedYield                       0x08002280   Section        0  tasks.o(i.vTaskMissedYield)
    i.vTaskPlaceOnEventList                  0x0800228c   Section        0  tasks.o(i.vTaskPlaceOnEventList)
    i.vTaskPriorityInherit                   0x080022c4   Section        0  tasks.o(i.vTaskPriorityInherit)
    i.vTaskSetTimeOutState                   0x08002374   Section        0  tasks.o(i.vTaskSetTimeOutState)
    i.vTaskStartScheduler                    0x080023a4   Section        0  tasks.o(i.vTaskStartScheduler)
    i.vTaskSuspendAll                        0x0800242c   Section        0  tasks.o(i.vTaskSuspendAll)
    i.vTaskSwitchContext                     0x0800243c   Section        0  tasks.o(i.vTaskSwitchContext)
    i.xPortStartScheduler                    0x080024c8   Section        0  port.o(i.xPortStartScheduler)
    i.xQueueGenericCreate                    0x08002604   Section        0  queue.o(i.xQueueGenericCreate)
    i.xQueueGenericReceive                   0x0800265c   Section        0  queue.o(i.xQueueGenericReceive)
    i.xQueueGenericReset                     0x08002820   Section        0  queue.o(i.xQueueGenericReset)
    i.xQueueGenericSendFromISR               0x080028b8   Section        0  queue.o(i.xQueueGenericSendFromISR)
    i.xTaskCheckForTimeOut                   0x080029b0   Section        0  tasks.o(i.xTaskCheckForTimeOut)
    i.xTaskCreate                            0x08002a3c   Section        0  tasks.o(i.xTaskCreate)
    i.xTaskGetSchedulerState                 0x08002a9c   Section        0  tasks.o(i.xTaskGetSchedulerState)
    i.xTaskIncrementTick                     0x08002abc   Section        0  tasks.o(i.xTaskIncrementTick)
    i.xTaskPriorityDisinherit                0x08002c04   Section        0  tasks.o(i.xTaskPriorityDisinherit)
    i.xTaskRemoveFromEventList               0x08002ccc   Section        0  tasks.o(i.xTaskRemoveFromEventList)
    i.xTaskResumeAll                         0x08002d64   Section        0  tasks.o(i.xTaskResumeAll)
    x$fpl$fpinit                             0x08002e68   Section       10  fpinit.o(x$fpl$fpinit)
    $v0                                      0x08002e68   Number         0  fpinit.o(x$fpl$fpinit)
    .constdata                               0x08002e72   Section       23  retarget_io.o(.constdata)
    .conststring                             0x08002e8c   Section       36  main.o(.conststring)
    .data                                    0x20000000   Section        8  main.o(.data)
    .data                                    0x20000008   Section       60  tasks.o(.data)
    pxDelayedTaskList                        0x2000000c   Data           4  tasks.o(.data)
    pxOverflowDelayedTaskList                0x20000010   Data           4  tasks.o(.data)
    uxDeletedTasksWaitingCleanUp             0x20000014   Data           4  tasks.o(.data)
    uxCurrentNumberOfTasks                   0x20000018   Data           4  tasks.o(.data)
    xTickCount                               0x2000001c   Data           4  tasks.o(.data)
    uxTopReadyPriority                       0x20000020   Data           4  tasks.o(.data)
    xSchedulerRunning                        0x20000024   Data           4  tasks.o(.data)
    uxPendedTicks                            0x20000028   Data           4  tasks.o(.data)
    xYieldPending                            0x2000002c   Data           4  tasks.o(.data)
    xNumOfOverflows                          0x20000030   Data           4  tasks.o(.data)
    uxTaskNumber                             0x20000034   Data           4  tasks.o(.data)
    xNextTaskUnblockTime                     0x20000038   Data           4  tasks.o(.data)
    xIdleTaskHandle                          0x2000003c   Data           4  tasks.o(.data)
    uxSchedulerSuspended                     0x20000040   Data           4  tasks.o(.data)
    .data                                    0x20000044   Section       24  heap_2.o(.data)
    xStart                                   0x20000044   Data           8  heap_2.o(.data)
    xEnd                                     0x2000004c   Data           8  heap_2.o(.data)
    xFreeBytesRemaining                      0x20000054   Data           4  heap_2.o(.data)
    xHeapHasBeenInitialised                  0x20000058   Data           4  heap_2.o(.data)
    .data                                    0x2000005c   Section       12  port.o(.data)
    uxCriticalNesting                        0x2000005c   Data           4  port.o(.data)
    ucMaxSysCallPriority                     0x20000060   Data           1  port.o(.data)
    ulMaxPRIGROUPValue                       0x20000064   Data           4  port.o(.data)
    .data                                    0x20000068   Section        4  system_stm32f4xx.o(.data)
    .data                                    0x2000006c   Section        4  stdio_streams.o(.data)
    .data                                    0x20000070   Section        4  stdio_streams.o(.data)
    .data                                    0x20000074   Section        4  stdio_streams.o(.data)
    .bss                                     0x20000078   Section      200  tasks.o(.bss)
    pxReadyTasksLists                        0x20000078   Data         100  tasks.o(.bss)
    xDelayedTaskList1                        0x200000dc   Data          20  tasks.o(.bss)
    xDelayedTaskList2                        0x200000f0   Data          20  tasks.o(.bss)
    xPendingReadyList                        0x20000104   Data          20  tasks.o(.bss)
    xTasksWaitingTermination                 0x20000118   Data          20  tasks.o(.bss)
    xSuspendedTaskList                       0x2000012c   Data          20  tasks.o(.bss)
    .bss                                     0x20000140   Section    76800  heap_2.o(.bss)
    ucHeap                                   0x20000140   Data       76800  heap_2.o(.bss)
    .bss                                     0x20012d40   Section       84  stdio_streams.o(.bss)
    .bss                                     0x20012d94   Section       84  stdio_streams.o(.bss)
    .bss                                     0x20012de8   Section       84  stdio_streams.o(.bss)
    .bss                                     0x20012e3c   Section       96  libspace.o(.bss)
    HEAP                                     0x20012ea0   Section      512  startup_stm32f407xx.o(HEAP)
    Heap_Mem                                 0x20012ea0   Data         512  startup_stm32f407xx.o(HEAP)
    STACK                                    0x200130a0   Section     1024  startup_stm32f407xx.o(STACK)
    Stack_Mem                                0x200130a0   Data        1024  startup_stm32f407xx.o(STACK)
    __initial_sp                             0x200134a0   Data           0  startup_stm32f407xx.o(STACK)

    Global Symbols

    Symbol Name                              Value     Ov Type        Size  Object(Section)

    BuildAttributes$$THM_ISAv4$E$P$D$K$B$S$7EM$VFPi3$EXTD16$VFPS$VFMA$PE$A:L22UL41UL21$X:L11$S22US41US21$IEEE1$IW$USESV6$~STKCKD$USESV7$~SHL$OTIME$ROPI$EBA8$UX$STANDARDLIB$REQ8$PRES8$EABIv2 0x00000000   Number         0  anon$$obj.o ABSOLUTE
    __ARM_use_no_argv                        0x00000000   Number         0  main.o ABSOLUTE
    __ARM_exceptions_init                     - Undefined Weak Reference
    __alloca_initialize                       - Undefined Weak Reference
    __arm_preinit_                            - Undefined Weak Reference
    __cpp_initialize__aeabi_                  - Undefined Weak Reference
    __cxa_finalize                            - Undefined Weak Reference
    __rt_locale                               - Undefined Weak Reference
    __sigvec_lookup                           - Undefined Weak Reference
    __user_heap_extent                        - Undefined Weak Reference
    _atexit_init                              - Undefined Weak Reference
    _call_atexit_fns                          - Undefined Weak Reference
    _clock_init                               - Undefined Weak Reference
    _fp_trap_init                             - Undefined Weak Reference
    _fp_trap_shutdown                         - Undefined Weak Reference
    _get_lc_collate                           - Undefined Weak Reference
    _get_lc_ctype                             - Undefined Weak Reference
    _get_lc_monetary                          - Undefined Weak Reference
    _get_lc_numeric                           - Undefined Weak Reference
    _get_lc_time                              - Undefined Weak Reference
    _getenv_init                              - Undefined Weak Reference
    _handle_redirection                       - Undefined Weak Reference
    _mutex_acquire                            - Undefined Weak Reference
    _mutex_free                               - Undefined Weak Reference
    _mutex_release                            - Undefined Weak Reference
    _printf_mbtowc                            - Undefined Weak Reference
    _printf_post_padding                      - Undefined Weak Reference
    _printf_pre_padding                       - Undefined Weak Reference
    _rand_init                                - Undefined Weak Reference
    _signal_finish                            - Undefined Weak Reference
    _signal_init                              - Undefined Weak Reference
    __Vectors_Size                           0x00000188   Number         0  startup_stm32f407xx.o ABSOLUTE
    __Vectors                                0x08000000   Data           4  startup_stm32f407xx.o(RESET)
    __Vectors_End                            0x08000188   Data           0  startup_stm32f407xx.o(RESET)
    __main                                   0x08000189   Thumb Code     8  __main.o(!!!main)
    __scatterload                            0x08000191   Thumb Code     0  __scatter.o(!!!scatter)
    __scatterload_rt2                        0x08000191   Thumb Code    44  __scatter.o(!!!scatter)
    __scatterload_rt2_thumb_only             0x08000191   Thumb Code     0  __scatter.o(!!!scatter)
    __scatterload_null                       0x0800019f   Thumb Code     0  __scatter.o(!!!scatter)
    __scatterload_copy                       0x080001c5   Thumb Code    26  __scatter_copy.o(!!handler_copy)
    __scatterload_zeroinit                   0x080001e1   Thumb Code    28  __scatter_zi.o(!!handler_zi)
    _printf_percent                          0x080001fd   Thumb Code     0  _printf_percent.o(.ARM.Collect$$_printf_percent$$00000000)
    _printf_s                                0x080001fd   Thumb Code     0  _printf_s.o(.ARM.Collect$$_printf_percent$$00000014)
    _printf_percent_end                      0x08000203   Thumb Code     0  _printf_percent_end.o(.ARM.Collect$$_printf_percent$$00000017)
    __rt_lib_init                            0x08000207   Thumb Code     0  libinit.o(.ARM.Collect$$libinit$$00000000)
    __rt_lib_init_fp_1                       0x08000209   Thumb Code     0  libinit2.o(.ARM.Collect$$libinit$$00000001)
    __rt_lib_init_heap_2                     0x0800020d   Thumb Code     0  libinit2.o(.ARM.Collect$$libinit$$00000005)
    __rt_lib_init_preinit_1                  0x0800020d   Thumb Code     0  libinit2.o(.ARM.Collect$$libinit$$00000004)
    __rt_lib_init_atexit_1                   0x08000215   Thumb Code     0  libinit2.o(.ARM.Collect$$libinit$$0000001B)
    __rt_lib_init_clock_1                    0x08000215   Thumb Code     0  libinit2.o(.ARM.Collect$$libinit$$00000021)
    __rt_lib_init_fp_trap_1                  0x08000215   Thumb Code     0  libinit2.o(.ARM.Collect$$libinit$$0000001F)
    __rt_lib_init_getenv_1                   0x08000215   Thumb Code     0  libinit2.o(.ARM.Collect$$libinit$$00000023)
    __rt_lib_init_heap_1                     0x08000215   Thumb Code     0  libinit2.o(.ARM.Collect$$libinit$$0000000A)
    __rt_lib_init_lc_collate_1               0x08000215   Thumb Code     0  libinit2.o(.ARM.Collect$$libinit$$00000011)
    __rt_lib_init_lc_ctype_1                 0x08000215   Thumb Code     0  libinit2.o(.ARM.Collect$$libinit$$00000013)
    __rt_lib_init_lc_monetary_1              0x08000215   Thumb Code     0  libinit2.o(.ARM.Collect$$libinit$$00000015)
    __rt_lib_init_lc_numeric_1               0x08000215   Thumb Code     0  libinit2.o(.ARM.Collect$$libinit$$00000017)
    __rt_lib_init_lc_time_1                  0x08000215   Thumb Code     0  libinit2.o(.ARM.Collect$$libinit$$00000019)
    __rt_lib_init_rand_1                     0x08000215   Thumb Code     0  libinit2.o(.ARM.Collect$$libinit$$0000000E)
    __rt_lib_init_signal_1                   0x08000215   Thumb Code     0  libinit2.o(.ARM.Collect$$libinit$$0000001D)
    __rt_lib_init_stdio_2                    0x08000215   Thumb Code     0  libinit2.o(.ARM.Collect$$libinit$$00000024)
    __rt_lib_init_user_alloc_1               0x08000215   Thumb Code     0  libinit2.o(.ARM.Collect$$libinit$$0000000C)
    __rt_lib_init_alloca_1                   0x08000219   Thumb Code     0  libinit2.o(.ARM.Collect$$libinit$$0000002E)
    __rt_lib_init_argv_1                     0x08000219   Thumb Code     0  libinit2.o(.ARM.Collect$$libinit$$0000002C)
    __rt_lib_init_cpp_1                      0x08000219   Thumb Code     0  libinit2.o(.ARM.Collect$$libinit$$00000032)
    __rt_lib_init_exceptions_1               0x08000219   Thumb Code     0  libinit2.o(.ARM.Collect$$libinit$$00000030)
    __rt_lib_init_return                     0x08000219   Thumb Code     0  libinit2.o(.ARM.Collect$$libinit$$00000033)
    __rt_lib_init_stdio_1                    0x08000219   Thumb Code     0  libinit2.o(.ARM.Collect$$libinit$$00000025)
    __rt_lib_shutdown                        0x0800021b   Thumb Code     0  libshutdown.o(.ARM.Collect$$libshutdown$$00000000)
    __rt_lib_shutdown_cpp_1                  0x0800021d   Thumb Code     0  libshutdown2.o(.ARM.Collect$$libshutdown$$00000002)
    __rt_lib_shutdown_stdio_2                0x0800021d   Thumb Code     0  libshutdown2.o(.ARM.Collect$$libshutdown$$00000003)
    __rt_lib_shutdown_fp_trap_1              0x08000221   Thumb Code     0  libshutdown2.o(.ARM.Collect$$libshutdown$$00000007)
    __rt_lib_shutdown_heap_1                 0x08000221   Thumb Code     0  libshutdown2.o(.ARM.Collect$$libshutdown$$0000000F)
    __rt_lib_shutdown_return                 0x08000221   Thumb Code     0  libshutdown2.o(.ARM.Collect$$libshutdown$$00000010)
    __rt_lib_shutdown_signal_1               0x08000221   Thumb Code     0  libshutdown2.o(.ARM.Collect$$libshutdown$$0000000A)
    __rt_lib_shutdown_stdio_1                0x08000221   Thumb Code     0  libshutdown2.o(.ARM.Collect$$libshutdown$$00000004)
    __rt_lib_shutdown_user_alloc_1           0x08000221   Thumb Code     0  libshutdown2.o(.ARM.Collect$$libshutdown$$0000000C)
    __rt_entry                               0x08000223   Thumb Code     0  __rtentry.o(.ARM.Collect$$rtentry$$00000000)
    __rt_entry_presh_1                       0x08000223   Thumb Code     0  __rtentry2.o(.ARM.Collect$$rtentry$$00000002)
    __rt_entry_sh                            0x08000223   Thumb Code     0  __rtentry4.o(.ARM.Collect$$rtentry$$00000004)
    __rt_entry_li                            0x08000229   Thumb Code     0  __rtentry2.o(.ARM.Collect$$rtentry$$0000000A)
    __rt_entry_postsh_1                      0x08000229   Thumb Code     0  __rtentry2.o(.ARM.Collect$$rtentry$$00000009)
    __rt_entry_main                          0x0800022d   Thumb Code     0  __rtentry2.o(.ARM.Collect$$rtentry$$0000000D)
    __rt_entry_postli_1                      0x0800022d   Thumb Code     0  __rtentry2.o(.ARM.Collect$$rtentry$$0000000C)
    __rt_exit                                0x08000235   Thumb Code     0  rtexit.o(.ARM.Collect$$rtexit$$00000000)
    __rt_exit_ls                             0x08000237   Thumb Code     0  rtexit2.o(.ARM.Collect$$rtexit$$00000003)
    __rt_exit_prels_1                        0x08000237   Thumb Code     0  rtexit2.o(.ARM.Collect$$rtexit$$00000002)
    __rt_exit_exit                           0x0800023b   Thumb Code     0  rtexit2.o(.ARM.Collect$$rtexit$$00000004)
    SVC_Handler                              0x08000241   Thumb Code    28  port.o(.emb_text)
    __asm___6_port_c_39a90d8d__prvStartFirstTask 0x08000261   Thumb Code    28  port.o(.emb_text)
    __asm___6_port_c_39a90d8d__prvEnableVFP  0x08000281   Thumb Code    16  port.o(.emb_text)
    PendSV_Handler                           0x08000295   Thumb Code    88  port.o(.emb_text)
    vPortGetIPSR                             0x080002f1   Thumb Code     6  port.o(.emb_text)
    Reset_Handler                            0x080002f9   Thumb Code     8  startup_stm32f407xx.o(.text)
    _maybe_terminate_alloc                   0x080002f9   Thumb Code     0  maybetermalloc1.o(.emb_text)
    NMI_Handler                              0x08000301   Thumb Code     2  startup_stm32f407xx.o(.text)
    HardFault_Handler                        0x08000303   Thumb Code     2  startup_stm32f407xx.o(.text)
    MemManage_Handler                        0x08000305   Thumb Code     2  startup_stm32f407xx.o(.text)
    BusFault_Handler                         0x08000307   Thumb Code     2  startup_stm32f407xx.o(.text)
    UsageFault_Handler                       0x08000309   Thumb Code     2  startup_stm32f407xx.o(.text)
    DebugMon_Handler                         0x0800030d   Thumb Code     2  startup_stm32f407xx.o(.text)
    ADC_IRQHandler                           0x08000313   Thumb Code     0  startup_stm32f407xx.o(.text)
    CAN1_RX0_IRQHandler                      0x08000313   Thumb Code     0  startup_stm32f407xx.o(.text)
    CAN1_RX1_IRQHandler                      0x08000313   Thumb Code     0  startup_stm32f407xx.o(.text)
    CAN1_SCE_IRQHandler                      0x08000313   Thumb Code     0  startup_stm32f407xx.o(.text)
    CAN1_TX_IRQHandler                       0x08000313   Thumb Code     0  startup_stm32f407xx.o(.text)
    CAN2_RX0_IRQHandler                      0x08000313   Thumb Code     0  startup_stm32f407xx.o(.text)
    CAN2_RX1_IRQHandler                      0x08000313   Thumb Code     0  startup_stm32f407xx.o(.text)
    CAN2_SCE_IRQHandler                      0x08000313   Thumb Code     0  startup_stm32f407xx.o(.text)
    CAN2_TX_IRQHandler                       0x08000313   Thumb Code     0  startup_stm32f407xx.o(.text)
    DCMI_IRQHandler                          0x08000313   Thumb Code     0  startup_stm32f407xx.o(.text)
    DMA1_Stream0_IRQHandler                  0x08000313   Thumb Code     0  startup_stm32f407xx.o(.text)
    DMA1_Stream1_IRQHandler                  0x08000313   Thumb Code     0  startup_stm32f407xx.o(.text)
    DMA1_Stream2_IRQHandler                  0x08000313   Thumb Code     0  startup_stm32f407xx.o(.text)
    DMA1_Stream3_IRQHandler                  0x08000313   Thumb Code     0  startup_stm32f407xx.o(.text)
    DMA1_Stream4_IRQHandler                  0x08000313   Thumb Code     0  startup_stm32f407xx.o(.text)
    DMA1_Stream5_IRQHandler                  0x08000313   Thumb Code     0  startup_stm32f407xx.o(.text)
    DMA1_Stream6_IRQHandler                  0x08000313   Thumb Code     0  startup_stm32f407xx.o(.text)
    DMA1_Stream7_IRQHandler                  0x08000313   Thumb Code     0  startup_stm32f407xx.o(.text)
    DMA2_Stream0_IRQHandler                  0x08000313   Thumb Code     0  startup_stm32f407xx.o(.text)
    DMA2_Stream1_IRQHandler                  0x08000313   Thumb Code     0  startup_stm32f407xx.o(.text)
    DMA2_Stream2_IRQHandler                  0x08000313   Thumb Code     0  startup_stm32f407xx.o(.text)
    DMA2_Stream3_IRQHandler                  0x08000313   Thumb Code     0  startup_stm32f407xx.o(.text)
    DMA2_Stream4_IRQHandler                  0x08000313   Thumb Code     0  startup_stm32f407xx.o(.text)
    DMA2_Stream5_IRQHandler                  0x08000313   Thumb Code     0  startup_stm32f407xx.o(.text)
    DMA2_Stream6_IRQHandler                  0x08000313   Thumb Code     0  startup_stm32f407xx.o(.text)
    DMA2_Stream7_IRQHandler                  0x08000313   Thumb Code     0  startup_stm32f407xx.o(.text)
    ETH_IRQHandler                           0x08000313   Thumb Code     0  startup_stm32f407xx.o(.text)
    ETH_WKUP_IRQHandler                      0x08000313   Thumb Code     0  startup_stm32f407xx.o(.text)
    EXTI15_10_IRQHandler                     0x08000313   Thumb Code     0  startup_stm32f407xx.o(.text)
    EXTI1_IRQHandler                         0x08000313   Thumb Code     0  startup_stm32f407xx.o(.text)
    EXTI2_IRQHandler                         0x08000313   Thumb Code     0  startup_stm32f407xx.o(.text)
    EXTI3_IRQHandler                         0x08000313   Thumb Code     0  startup_stm32f407xx.o(.text)
    EXTI4_IRQHandler                         0x08000313   Thumb Code     0  startup_stm32f407xx.o(.text)
    EXTI9_5_IRQHandler                       0x08000313   Thumb Code     0  startup_stm32f407xx.o(.text)
    FLASH_IRQHandler                         0x08000313   Thumb Code     0  startup_stm32f407xx.o(.text)
    FMC_IRQHandler                           0x08000313   Thumb Code     0  startup_stm32f407xx.o(.text)
    FPU_IRQHandler                           0x08000313   Thumb Code     0  startup_stm32f407xx.o(.text)
    HASH_RNG_IRQHandler                      0x08000313   Thumb Code     0  startup_stm32f407xx.o(.text)
    I2C1_ER_IRQHandler                       0x08000313   Thumb Code     0  startup_stm32f407xx.o(.text)
    I2C1_EV_IRQHandler                       0x08000313   Thumb Code     0  startup_stm32f407xx.o(.text)
    I2C2_ER_IRQHandler                       0x08000313   Thumb Code     0  startup_stm32f407xx.o(.text)
    I2C2_EV_IRQHandler                       0x08000313   Thumb Code     0  startup_stm32f407xx.o(.text)
    I2C3_ER_IRQHandler                       0x08000313   Thumb Code     0  startup_stm32f407xx.o(.text)
    I2C3_EV_IRQHandler                       0x08000313   Thumb Code     0  startup_stm32f407xx.o(.text)
    OTG_FS_IRQHandler                        0x08000313   Thumb Code     0  startup_stm32f407xx.o(.text)
    OTG_FS_WKUP_IRQHandler                   0x08000313   Thumb Code     0  startup_stm32f407xx.o(.text)
    OTG_HS_EP1_IN_IRQHandler                 0x08000313   Thumb Code     0  startup_stm32f407xx.o(.text)
    OTG_HS_EP1_OUT_IRQHandler                0x08000313   Thumb Code     0  startup_stm32f407xx.o(.text)
    OTG_HS_IRQHandler                        0x08000313   Thumb Code     0  startup_stm32f407xx.o(.text)
    OTG_HS_WKUP_IRQHandler                   0x08000313   Thumb Code     0  startup_stm32f407xx.o(.text)
    PVD_IRQHandler                           0x08000313   Thumb Code     0  startup_stm32f407xx.o(.text)
    RCC_IRQHandler                           0x08000313   Thumb Code     0  startup_stm32f407xx.o(.text)
    RTC_Alarm_IRQHandler                     0x08000313   Thumb Code     0  startup_stm32f407xx.o(.text)
    RTC_WKUP_IRQHandler                      0x08000313   Thumb Code     0  startup_stm32f407xx.o(.text)
    SDIO_IRQHandler                          0x08000313   Thumb Code     0  startup_stm32f407xx.o(.text)
    SPI1_IRQHandler                          0x08000313   Thumb Code     0  startup_stm32f407xx.o(.text)
    SPI2_IRQHandler                          0x08000313   Thumb Code     0  startup_stm32f407xx.o(.text)
    SPI3_IRQHandler                          0x08000313   Thumb Code     0  startup_stm32f407xx.o(.text)
    TAMP_STAMP_IRQHandler                    0x08000313   Thumb Code     0  startup_stm32f407xx.o(.text)
    TIM1_BRK_TIM9_IRQHandler                 0x08000313   Thumb Code     0  startup_stm32f407xx.o(.text)
    TIM1_CC_IRQHandler                       0x08000313   Thumb Code     0  startup_stm32f407xx.o(.text)
    TIM1_TRG_COM_TIM11_IRQHandler            0x08000313   Thumb Code     0  startup_stm32f407xx.o(.text)
    TIM1_UP_TIM10_IRQHandler                 0x08000313   Thumb Code     0  startup_stm32f407xx.o(.text)
    TIM2_IRQHandler                          0x08000313   Thumb Code     0  startup_stm32f407xx.o(.text)
    TIM3_IRQHandler                          0x08000313   Thumb Code     0  startup_stm32f407xx.o(.text)
    TIM4_IRQHandler                          0x08000313   Thumb Code     0  startup_stm32f407xx.o(.text)
    TIM5_IRQHandler                          0x08000313   Thumb Code     0  startup_stm32f407xx.o(.text)
    TIM6_DAC_IRQHandler                      0x08000313   Thumb Code     0  startup_stm32f407xx.o(.text)
    TIM7_IRQHandler                          0x08000313   Thumb Code     0  startup_stm32f407xx.o(.text)
    TIM8_BRK_TIM12_IRQHandler                0x08000313   Thumb Code     0  startup_stm32f407xx.o(.text)
    TIM8_CC_IRQHandler                       0x08000313   Thumb Code     0  startup_stm32f407xx.o(.text)
    TIM8_TRG_COM_TIM14_IRQHandler            0x08000313   Thumb Code     0  startup_stm32f407xx.o(.text)
    TIM8_UP_TIM13_IRQHandler                 0x08000313   Thumb Code     0  startup_stm32f407xx.o(.text)
    UART4_IRQHandler                         0x08000313   Thumb Code     0  startup_stm32f407xx.o(.text)
    UART5_IRQHandler                         0x08000313   Thumb Code     0  startup_stm32f407xx.o(.text)
    USART1_IRQHandler                        0x08000313   Thumb Code     0  startup_stm32f407xx.o(.text)
    USART2_IRQHandler                        0x08000313   Thumb Code     0  startup_stm32f407xx.o(.text)
    USART3_IRQHandler                        0x08000313   Thumb Code     0  startup_stm32f407xx.o(.text)
    USART6_IRQHandler                        0x08000313   Thumb Code     0  startup_stm32f407xx.o(.text)
    WWDG_IRQHandler                          0x08000313   Thumb Code     0  startup_stm32f407xx.o(.text)
    __user_initial_stackheap                 0x08000315   Thumb Code     0  startup_stm32f407xx.o(.text)
    __2printf                                0x08000339   Thumb Code    20  noretval__2printf.o(.text)
    __printf                                 0x08000351   Thumb Code   104  __printf.o(.text)
    _printf_str                              0x080003b9   Thumb Code    82  _printf_str.o(.text)
    __aeabi_memcpy                           0x0800040b   Thumb Code     0  rt_memcpy_v6.o(.text)
    __rt_memcpy                              0x0800040b   Thumb Code   138  rt_memcpy_v6.o(.text)
    _memcpy_lastbytes                        0x08000471   Thumb Code     0  rt_memcpy_v6.o(.text)
    __aeabi_memset                           0x08000495   Thumb Code    16  aeabi_memset.o(.text)
    strcmp                                   0x080004a5   Thumb Code   128  strcmpv7m.o(.text)
    __use_two_region_memory                  0x08000525   Thumb Code     2  heapauxi.o(.text)
    __rt_heap_escrow                         0x08000527   Thumb Code     2  heapauxi.o(.text)
    __rt_heap_expand                         0x08000529   Thumb Code     2  heapauxi.o(.text)
    _printf_cs_common                        0x0800052b   Thumb Code    20  _printf_char.o(.text)
    _printf_char                             0x0800053f   Thumb Code    16  _printf_char.o(.text)
    _printf_string                           0x0800054f   Thumb Code     8  _printf_char.o(.text)
    _printf_char_file                        0x08000559   Thumb Code    32  _printf_char_file.o(.text)
    __aeabi_memcpy4                          0x0800057d   Thumb Code     0  rt_memcpy_w.o(.text)
    __aeabi_memcpy8                          0x0800057d   Thumb Code     0  rt_memcpy_w.o(.text)
    __rt_memcpy_w                            0x0800057d   Thumb Code   100  rt_memcpy_w.o(.text)
    _memcpy_lastbytes_aligned                0x080005c5   Thumb Code     0  rt_memcpy_w.o(.text)
    __aeabi_memclr                           0x080005e1   Thumb Code     0  rt_memclr.o(.text)
    __rt_memclr                              0x080005e1   Thumb Code    68  rt_memclr.o(.text)
    _memset                                  0x080005e5   Thumb Code     0  rt_memclr.o(.text)
    _printf_char_common                      0x0800062f   Thumb Code    32  _printf_char_common.o(.text)
    ferror                                   0x08000655   Thumb Code     8  ferror.o(.text)
    _initio                                  0x0800065d   Thumb Code   210  initio.o(.text)
    _terminateio                             0x0800072f   Thumb Code    56  initio.o(.text)
    __aeabi_memclr4                          0x08000795   Thumb Code     0  rt_memclr_w.o(.text)
    __aeabi_memclr8                          0x08000795   Thumb Code     0  rt_memclr_w.o(.text)
    __rt_memclr_w                            0x08000795   Thumb Code    78  rt_memclr_w.o(.text)
    _memset_w                                0x08000799   Thumb Code     0  rt_memclr_w.o(.text)
    __user_setup_stackheap                   0x080007e3   Thumb Code    74  sys_stackheap_outer.o(.text)
    free                                     0x0800082d   Thumb Code    78  h1_free.o(.text)
    __flsbuf                                 0x0800087b   Thumb Code   470  flsbuf.o(.text)
    __flsbuf_byte                            0x0800087b   Thumb Code     0  flsbuf.o(.text)
    __flsbuf_wide                            0x0800087b   Thumb Code     0  flsbuf.o(.text)
    setvbuf                                  0x08000a51   Thumb Code    70  setvbuf.o(.text)
    freopen                                  0x08000a99   Thumb Code   158  fopen.o(.text)
    fopen                                    0x08000b37   Thumb Code    74  fopen.o(.text)
    _fclose_internal                         0x08000b85   Thumb Code    76  fclose.o(.text)
    fclose                                   0x08000b85   Thumb Code     0  fclose.o(.text)
    exit                                     0x08000bd1   Thumb Code    18  exit.o(.text)
    __rt_SIGRTRED                            0x08000be3   Thumb Code    14  defsig_rtred_outer.o(.text)
    __user_libspace                          0x08000bf1   Thumb Code     8  libspace.o(.text)
    __user_perproc_libspace                  0x08000bf1   Thumb Code     0  libspace.o(.text)
    __user_perthread_libspace                0x08000bf1   Thumb Code     0  libspace.o(.text)
    __rt_heap_descriptor                     0x08000bf9   Thumb Code     8  rt_heap_descriptor_intlibspace.o(.text)
    __use_no_heap                            0x08000c01   Thumb Code     2  hguard.o(.text)
    __heap$guard                             0x08000c03   Thumb Code     2  hguard.o(.text)
    _terminate_user_alloc                    0x08000c05   Thumb Code     2  init_alloc.o(.text)
    _init_user_alloc                         0x08000c07   Thumb Code     2  init_alloc.o(.text)
    __Heap_Full                              0x08000c09   Thumb Code    34  init_alloc.o(.text)
    __Heap_Broken                            0x08000c2b   Thumb Code     6  init_alloc.o(.text)
    _init_alloc                              0x08000c31   Thumb Code    94  init_alloc.o(.text)
    malloc                                   0x08000c8f   Thumb Code    94  h1_alloc.o(.text)
    _fseek                                   0x08000ced   Thumb Code   242  fseek.o(.text)
    fseek                                    0x08000ced   Thumb Code     0  fseek.o(.text)
    _seterr                                  0x08000de5   Thumb Code    20  stdio.o(.text)
    _writebuf                                0x08000df9   Thumb Code    84  stdio.o(.text)
    _fflush                                  0x08000e4d   Thumb Code    70  stdio.o(.text)
    _deferredlazyseek                        0x08000e93   Thumb Code    60  stdio.o(.text)
    __sig_exit                               0x08000ed5   Thumb Code    10  defsig_exit.o(.text)
    __rt_SIGRTRED_inner                      0x08000ee1   Thumb Code    14  defsig_rtred_inner.o(.text)
    _sys_exit                                0x08000f15   Thumb Code     8  sys_exit.o(.text)
    __Heap_Initialize                        0x08000f21   Thumb Code    10  h1_init.o(.text)
    __Heap_DescSize                          0x08000f2b   Thumb Code     4  h1_init.o(.text)
    __Heap_ProvideMemory                     0x08000f2f   Thumb Code    52  h1_extend.o(.text)
    _ftell_internal                          0x08000f63   Thumb Code    66  ftell.o(.text)
    ftell                                    0x08000f63   Thumb Code     0  ftell.o(.text)
    __default_signal_display                 0x08000fa5   Thumb Code    50  defsig_general.o(.text)
    __rt_SIGRTMEM                            0x08000fd7   Thumb Code    14  defsig_rtmem_outer.o(.text)
    _ttywrch                                 0x08000fe5   Thumb Code    14  sys_wrch.o(.text)
    __I$use$semihosting                      0x08000ff3   Thumb Code     0  use_no_semi.o(.text)
    __use_no_semihosting_swi                 0x08000ff3   Thumb Code     2  use_no_semi.o(.text)
    __aeabi_errno_addr                       0x08000ff5   Thumb Code     8  rt_errno_addr_intlibspace.o(.text)
    __errno$intlibspace                      0x08000ff5   Thumb Code     0  rt_errno_addr_intlibspace.o(.text)
    __rt_errno_addr$intlibspace              0x08000ff5   Thumb Code     0  rt_errno_addr_intlibspace.o(.text)
    __semihosting_library_function           0x08000ff5   Thumb Code     0  indicate_semi.o(.text)
    __rt_SIGRTMEM_inner                      0x08000ffd   Thumb Code    22  defsig_rtmem_inner.o(.text)
    EXTI0_IRQHandler                         0x0800104d   Thumb Code    72  main.o(i.EXTI0_IRQHandler)
    HAL_GPIO_Init                            0x080010e9   Thumb Code   466  stm32f4xx_hal_gpio.o(i.HAL_GPIO_Init)
    HAL_GPIO_WritePin                        0x080012e9   Thumb Code    12  stm32f4xx_hal_gpio.o(i.HAL_GPIO_WritePin)
    HAL_Init                                 0x080012f5   Thumb Code    54  stm32f4xx_hal.o(i.HAL_Init)
    HAL_InitTick                             0x08001331   Thumb Code    36  stm32f4xx_hal.o(i.HAL_InitTick)
    HAL_MspInit                              0x08001359   Thumb Code     2  stm32f4xx_hal.o(i.HAL_MspInit)
    HAL_NVIC_SetPriority                     0x0800135b   Thumb Code   124  stm32f4xx_hal_cortex.o(i.HAL_NVIC_SetPriority)
    HAL_NVIC_SetPriorityGrouping             0x080013d9   Thumb Code    32  stm32f4xx_hal_cortex.o(i.HAL_NVIC_SetPriorityGrouping)
    HAL_RCC_GetHCLKFreq                      0x08001401   Thumb Code     6  stm32f4xx_hal_rcc.o(i.HAL_RCC_GetHCLKFreq)
    HAL_SYSTICK_CLKSourceConfig              0x0800140d   Thumb Code    40  stm32f4xx_hal_cortex.o(i.HAL_SYSTICK_CLKSourceConfig)
    HAL_SYSTICK_Config                       0x08001435   Thumb Code    52  stm32f4xx_hal_cortex.o(i.HAL_SYSTICK_Config)
    ITM_SendChar                             0x08001469   Thumb Code    42  retarget_io.o(i.ITM_SendChar)
    SysTick_Handler                          0x080014e1   Thumb Code    46  port.o(i.SysTick_Handler)
    SystemClock_Config                       0x08001515   Thumb Code   136  main.o(i.SystemClock_Config)
    SystemInit                               0x080015a5   Thumb Code    82  system_stm32f4xx.o(i.SystemInit)
    _sys_close                               0x08001681   Thumb Code    38  retarget_io.o(i._sys_close)
    _sys_flen                                0x080016a7   Thumb Code    36  retarget_io.o(i._sys_flen)
    _sys_istty                               0x080016cb   Thumb Code    36  retarget_io.o(i._sys_istty)
    _sys_open                                0x080016f1   Thumb Code    80  retarget_io.o(i._sys_open)
    _sys_seek                                0x08001759   Thumb Code    44  retarget_io.o(i._sys_seek)
    _sys_write                               0x08001785   Thumb Code    70  retarget_io.o(i._sys_write)
    checkTask                                0x080017cd   Thumb Code    68  main.o(i.checkTask)
    fputc                                    0x08001921   Thumb Code    26  fputc.o(i.fputc)
    main                                     0x0800193d   Thumb Code   102  main.o(i.main)
    pvPortMalloc                             0x08001ee9   Thumb Code   164  heap_2.o(i.pvPortMalloc)
    pvTaskIncrementMutexHeldCount            0x08001fa1   Thumb Code    26  tasks.o(i.pvTaskIncrementMutexHeldCount)
    pxPortInitialiseStack                    0x08001fc1   Thumb Code    38  port.o(i.pxPortInitialiseStack)
    uxListRemove                             0x08001ff9   Thumb Code    40  list.o(i.uxListRemove)
    vListInitialise                          0x08002021   Thumb Code    26  list.o(i.vListInitialise)
    vListInitialiseItem                      0x0800203b   Thumb Code     6  list.o(i.vListInitialiseItem)
    vListInsert                              0x08002041   Thumb Code    52  list.o(i.vListInsert)
    vListInsertEnd                           0x08002075   Thumb Code    24  list.o(i.vListInsertEnd)
    vPortEnterCritical                       0x0800208d   Thumb Code    76  port.o(i.vPortEnterCritical)
    vPortExitCritical                        0x080020e1   Thumb Code    56  port.o(i.vPortExitCritical)
    vPortFree                                0x0800211d   Thumb Code    56  heap_2.o(i.vPortFree)
    vPortSetupTimerInterrupt                 0x0800215d   Thumb Code    26  port.o(i.vPortSetupTimerInterrupt)
    vPortValidateInterruptPriority           0x0800217d   Thumb Code   106  port.o(i.vPortValidateInterruptPriority)
    vRxTask                                  0x080021f5   Thumb Code    92  main.o(i.vRxTask)
    vTaskMissedYield                         0x08002281   Thumb Code     8  tasks.o(i.vTaskMissedYield)
    vTaskPlaceOnEventList                    0x0800228d   Thumb Code    52  tasks.o(i.vTaskPlaceOnEventList)
    vTaskPriorityInherit                     0x080022c5   Thumb Code   164  tasks.o(i.vTaskPriorityInherit)
    vTaskSetTimeOutState                     0x08002375   Thumb Code    38  tasks.o(i.vTaskSetTimeOutState)
    vTaskStartScheduler                      0x080023a5   Thumb Code   108  tasks.o(i.vTaskStartScheduler)
    vTaskSuspendAll                          0x0800242d   Thumb Code    12  tasks.o(i.vTaskSuspendAll)
    vTaskSwitchContext                       0x0800243d   Thumb Code   118  tasks.o(i.vTaskSwitchContext)
    xPortStartScheduler                      0x080024c9   Thumb Code   288  port.o(i.xPortStartScheduler)
    xQueueGenericCreate                      0x08002605   Thumb Code    88  queue.o(i.xQueueGenericCreate)
    xQueueGenericReceive                     0x0800265d   Thumb Code   446  queue.o(i.xQueueGenericReceive)
    xQueueGenericReset                       0x08002821   Thumb Code   146  queue.o(i.xQueueGenericReset)
    xQueueGenericSendFromISR                 0x080028b9   Thumb Code   248  queue.o(i.xQueueGenericSendFromISR)
    xTaskCheckForTimeOut                     0x080029b1   Thumb Code   132  tasks.o(i.xTaskCheckForTimeOut)
    xTaskCreate                              0x08002a3d   Thumb Code    96  tasks.o(i.xTaskCreate)
    xTaskGetSchedulerState                   0x08002a9d   Thumb Code    24  tasks.o(i.xTaskGetSchedulerState)
    xTaskIncrementTick                       0x08002abd   Thumb Code   282  tasks.o(i.xTaskIncrementTick)
    xTaskPriorityDisinherit                  0x08002c05   Thumb Code   188  tasks.o(i.xTaskPriorityDisinherit)
    xTaskRemoveFromEventList                 0x08002ccd   Thumb Code   128  tasks.o(i.xTaskRemoveFromEventList)
    xTaskResumeAll                           0x08002d65   Thumb Code   224  tasks.o(i.xTaskResumeAll)
    _fp_init                                 0x08002e69   Thumb Code    10  fpinit.o(x$fpl$fpinit)
    __fplib_config_fpu_vfp                   0x08002e71   Thumb Code     0  fpinit.o(x$fpl$fpinit)
    __fplib_config_pureend_doubles           0x08002e71   Thumb Code     0  fpinit.o(x$fpl$fpinit)
    __stdin_name                             0x08002e72   Data           7  retarget_io.o(.constdata)
    __stdout_name                            0x08002e79   Data           8  retarget_io.o(.constdata)
    __stderr_name                            0x08002e81   Data           8  retarget_io.o(.constdata)
    Region$$Table$$Base                      0x08002eb0   Number         0  anon$$obj.o(Region$$Table)
    Region$$Table$$Limit                     0x08002ed0   Number         0  anon$$obj.o(Region$$Table)
    qHandle                                  0x20000000   Data           4  main.o(.data)
    t1_Msg                                   0x20000004   Data           4  main.o(.data)
    pxCurrentTCB                             0x20000008   Data           4  tasks.o(.data)
    SystemCoreClock                          0x20000068   Data           4  system_stm32f4xx.o(.data)
    __aeabi_stdin                            0x2000006c   Data           4  stdio_streams.o(.data)
    __aeabi_stdout                           0x20000070   Data           4  stdio_streams.o(.data)
    __aeabi_stderr                           0x20000074   Data           4  stdio_streams.o(.data)
    __stdin                                  0x20012d40   Data          84  stdio_streams.o(.bss)
    __stdout                                 0x20012d94   Data          84  stdio_streams.o(.bss)
    __stderr                                 0x20012de8   Data          84  stdio_streams.o(.bss)
    __libspace_start                         0x20012e3c   Data          96  libspace.o(.bss)
    __temporary_stack_top$libspace           0x20012e9c   Data           0  libspace.o(.bss)



==============================================================================

Memory Map of the image

  Image Entry point : 0x08000189

  Load Region LR_IROM1 (Base: 0x08000000, Size: 0x00002f48, Max: 0x00100000, ABSOLUTE)

    Execution Region ER_IROM1 (Exec base: 0x08000000, Load base: 0x08000000, Size: 0x00002ed0, Max: 0x00100000, ABSOLUTE)

    Exec Addr    Load Addr    Size         Type   Attr      Idx    E Section Name        Object

    0x08000000   0x08000000   0x00000188   Data   RO         1642    RESET               startup_stm32f407xx.o
    0x08000188   0x08000188   0x00000008   Code   RO         1724  * !!!main             c_w.l(__main.o)
    0x08000190   0x08000190   0x00000034   Code   RO         2068    !!!scatter          c_w.l(__scatter.o)
    0x080001c4   0x080001c4   0x0000001a   Code   RO         2070    !!handler_copy      c_w.l(__scatter_copy.o)
    0x080001de   0x080001de   0x00000002   PAD
    0x080001e0   0x080001e0   0x0000001c   Code   RO         2072    !!handler_zi        c_w.l(__scatter_zi.o)
    0x080001fc   0x080001fc   0x00000000   Code   RO         1715    .ARM.Collect$$_printf_percent$$00000000  c_w.l(_printf_percent.o)
    0x080001fc   0x080001fc   0x00000006   Code   RO         1714    .ARM.Collect$$_printf_percent$$00000014  c_w.l(_printf_s.o)
    0x08000202   0x08000202   0x00000004   Code   RO         1731    .ARM.Collect$$_printf_percent$$00000017  c_w.l(_printf_percent_end.o)
    0x08000206   0x08000206   0x00000002   Code   RO         1861    .ARM.Collect$$libinit$$00000000  c_w.l(libinit.o)
    0x08000208   0x08000208   0x00000004   Code   RO         1862    .ARM.Collect$$libinit$$00000001  c_w.l(libinit2.o)
    0x0800020c   0x0800020c   0x00000000   Code   RO         1865    .ARM.Collect$$libinit$$00000004  c_w.l(libinit2.o)
    0x0800020c   0x0800020c   0x00000008   Code   RO         1866    .ARM.Collect$$libinit$$00000005  c_w.l(libinit2.o)
    0x08000214   0x08000214   0x00000000   Code   RO         1868    .ARM.Collect$$libinit$$0000000A  c_w.l(libinit2.o)
    0x08000214   0x08000214   0x00000000   Code   RO         1870    .ARM.Collect$$libinit$$0000000C  c_w.l(libinit2.o)
    0x08000214   0x08000214   0x00000000   Code   RO         1872    .ARM.Collect$$libinit$$0000000E  c_w.l(libinit2.o)
    0x08000214   0x08000214   0x00000000   Code   RO         1875    .ARM.Collect$$libinit$$00000011  c_w.l(libinit2.o)
    0x08000214   0x08000214   0x00000000   Code   RO         1877    .ARM.Collect$$libinit$$00000013  c_w.l(libinit2.o)
    0x08000214   0x08000214   0x00000000   Code   RO         1879    .ARM.Collect$$libinit$$00000015  c_w.l(libinit2.o)
    0x08000214   0x08000214   0x00000000   Code   RO         1881    .ARM.Collect$$libinit$$00000017  c_w.l(libinit2.o)
    0x08000214   0x08000214   0x00000000   Code   RO         1883    .ARM.Collect$$libinit$$00000019  c_w.l(libinit2.o)
    0x08000214   0x08000214   0x00000000   Code   RO         1885    .ARM.Collect$$libinit$$0000001B  c_w.l(libinit2.o)
    0x08000214   0x08000214   0x00000000   Code   RO         1887    .ARM.Collect$$libinit$$0000001D  c_w.l(libinit2.o)
    0x08000214   0x08000214   0x00000000   Code   RO         1889    .ARM.Collect$$libinit$$0000001F  c_w.l(libinit2.o)
    0x08000214   0x08000214   0x00000000   Code   RO         1891    .ARM.Collect$$libinit$$00000021  c_w.l(libinit2.o)
    0x08000214   0x08000214   0x00000000   Code   RO         1893    .ARM.Collect$$libinit$$00000023  c_w.l(libinit2.o)
    0x08000214   0x08000214   0x00000004   Code   RO         1894    .ARM.Collect$$libinit$$00000024  c_w.l(libinit2.o)
    0x08000218   0x08000218   0x00000000   Code   RO         1895    .ARM.Collect$$libinit$$00000025  c_w.l(libinit2.o)
    0x08000218   0x08000218   0x00000000   Code   RO         1899    .ARM.Collect$$libinit$$0000002C  c_w.l(libinit2.o)
    0x08000218   0x08000218   0x00000000   Code   RO         1901    .ARM.Collect$$libinit$$0000002E  c_w.l(libinit2.o)
    0x08000218   0x08000218   0x00000000   Code   RO         1903    .ARM.Collect$$libinit$$00000030  c_w.l(libinit2.o)
    0x08000218   0x08000218   0x00000000   Code   RO         1905    .ARM.Collect$$libinit$$00000032  c_w.l(libinit2.o)
    0x08000218   0x08000218   0x00000002   Code   RO         1906    .ARM.Collect$$libinit$$00000033  c_w.l(libinit2.o)
    0x0800021a   0x0800021a   0x00000002   Code   RO         2047    .ARM.Collect$$libshutdown$$00000000  c_w.l(libshutdown.o)
    0x0800021c   0x0800021c   0x00000000   Code   RO         1908    .ARM.Collect$$libshutdown$$00000002  c_w.l(libshutdown2.o)
    0x0800021c   0x0800021c   0x00000004   Code   RO         1909    .ARM.Collect$$libshutdown$$00000003  c_w.l(libshutdown2.o)
    0x08000220   0x08000220   0x00000000   Code   RO         1910    .ARM.Collect$$libshutdown$$00000004  c_w.l(libshutdown2.o)
    0x08000220   0x08000220   0x00000000   Code   RO         1913    .ARM.Collect$$libshutdown$$00000007  c_w.l(libshutdown2.o)
    0x08000220   0x08000220   0x00000000   Code   RO         1916    .ARM.Collect$$libshutdown$$0000000A  c_w.l(libshutdown2.o)
    0x08000220   0x08000220   0x00000000   Code   RO         1918    .ARM.Collect$$libshutdown$$0000000C  c_w.l(libshutdown2.o)
    0x08000220   0x08000220   0x00000000   Code   RO         1921    .ARM.Collect$$libshutdown$$0000000F  c_w.l(libshutdown2.o)
    0x08000220   0x08000220   0x00000002   Code   RO         1922    .ARM.Collect$$libshutdown$$00000010  c_w.l(libshutdown2.o)
    0x08000222   0x08000222   0x00000000   Code   RO         1726    .ARM.Collect$$rtentry$$00000000  c_w.l(__rtentry.o)
    0x08000222   0x08000222   0x00000000   Code   RO         1743    .ARM.Collect$$rtentry$$00000002  c_w.l(__rtentry2.o)
    0x08000222   0x08000222   0x00000006   Code   RO         1755    .ARM.Collect$$rtentry$$00000004  c_w.l(__rtentry4.o)
    0x08000228   0x08000228   0x00000000   Code   RO         1745    .ARM.Collect$$rtentry$$00000009  c_w.l(__rtentry2.o)
    0x08000228   0x08000228   0x00000004   Code   RO         1746    .ARM.Collect$$rtentry$$0000000A  c_w.l(__rtentry2.o)
    0x0800022c   0x0800022c   0x00000000   Code   RO         1748    .ARM.Collect$$rtentry$$0000000C  c_w.l(__rtentry2.o)
    0x0800022c   0x0800022c   0x00000008   Code   RO         1749    .ARM.Collect$$rtentry$$0000000D  c_w.l(__rtentry2.o)
    0x08000234   0x08000234   0x00000002   Code   RO         1928    .ARM.Collect$$rtexit$$00000000  c_w.l(rtexit.o)
    0x08000236   0x08000236   0x00000000   Code   RO         1982    .ARM.Collect$$rtexit$$00000002  c_w.l(rtexit2.o)
    0x08000236   0x08000236   0x00000004   Code   RO         1983    .ARM.Collect$$rtexit$$00000003  c_w.l(rtexit2.o)
    0x0800023a   0x0800023a   0x00000006   Code   RO         1984    .ARM.Collect$$rtexit$$00000004  c_w.l(rtexit2.o)
    0x08000240   0x08000240   0x000000b6   Code   RO          812    .emb_text           port.o
    0x080002f6   0x080002f6   0x00000002   PAD
    0x080002f8   0x080002f8   0x00000000   Code   RO         1988    .emb_text           c_w.l(maybetermalloc1.o)
    0x080002f8   0x080002f8   0x00000040   Code   RO         1643    .text               startup_stm32f407xx.o
    0x08000338   0x08000338   0x00000018   Code   RO         1688    .text               c_w.l(noretval__2printf.o)
    0x08000350   0x08000350   0x00000068   Code   RO         1690    .text               c_w.l(__printf.o)
    0x080003b8   0x080003b8   0x00000052   Code   RO         1692    .text               c_w.l(_printf_str.o)
    0x0800040a   0x0800040a   0x0000008a   Code   RO         1716    .text               c_w.l(rt_memcpy_v6.o)
    0x08000494   0x08000494   0x00000010   Code   RO         1718    .text               c_w.l(aeabi_memset.o)
    0x080004a4   0x080004a4   0x00000080   Code   RO         1720    .text               c_w.l(strcmpv7m.o)
    0x08000524   0x08000524   0x00000006   Code   RO         1722    .text               c_w.l(heapauxi.o)
    0x0800052a   0x0800052a   0x0000002c   Code   RO         1727    .text               c_w.l(_printf_char.o)
    0x08000556   0x08000556   0x00000002   PAD
    0x08000558   0x08000558   0x00000024   Code   RO         1729    .text               c_w.l(_printf_char_file.o)
    0x0800057c   0x0800057c   0x00000064   Code   RO         1738    .text               c_w.l(rt_memcpy_w.o)
    0x080005e0   0x080005e0   0x00000044   Code   RO         1740    .text               c_w.l(rt_memclr.o)
    0x08000624   0x08000624   0x00000030   Code   RO         1757    .text               c_w.l(_printf_char_common.o)
    0x08000654   0x08000654   0x00000008   Code   RO         1759    .text               c_w.l(ferror.o)
    0x0800065c   0x0800065c   0x00000138   Code   RO         1765    .text               c_w.l(initio.o)
    0x08000794   0x08000794   0x0000004e   Code   RO         1773    .text               c_w.l(rt_memclr_w.o)
    0x080007e2   0x080007e2   0x0000004a   Code   RO         1777    .text               c_w.l(sys_stackheap_outer.o)
    0x0800082c   0x0800082c   0x0000004e   Code   RO         1781    .text               c_w.l(h1_free.o)
    0x0800087a   0x0800087a   0x000001d6   Code   RO         1837    .text               c_w.l(flsbuf.o)
    0x08000a50   0x08000a50   0x00000046   Code   RO         1839    .text               c_w.l(setvbuf.o)
    0x08000a96   0x08000a96   0x00000002   PAD
    0x08000a98   0x08000a98   0x000000ec   Code   RO         1842    .text               c_w.l(fopen.o)
    0x08000b84   0x08000b84   0x0000004c   Code   RO         1844    .text               c_w.l(fclose.o)
    0x08000bd0   0x08000bd0   0x00000012   Code   RO         1850    .text               c_w.l(exit.o)
    0x08000be2   0x08000be2   0x0000000e   Code   RO         1852    .text               c_w.l(defsig_rtred_outer.o)
    0x08000bf0   0x08000bf0   0x00000008   Code   RO         1925    .text               c_w.l(libspace.o)
    0x08000bf8   0x08000bf8   0x00000008   Code   RO         1935    .text               c_w.l(rt_heap_descriptor_intlibspace.o)
    0x08000c00   0x08000c00   0x00000004   Code   RO         1937    .text               c_w.l(hguard.o)
    0x08000c04   0x08000c04   0x0000008a   Code   RO         1939    .text               c_w.l(init_alloc.o)
    0x08000c8e   0x08000c8e   0x0000005e   Code   RO         1945    .text               c_w.l(h1_alloc.o)
    0x08000cec   0x08000cec   0x000000f8   Code   RO         1961    .text               c_w.l(fseek.o)
    0x08000de4   0x08000de4   0x000000f0   Code   RO         1963    .text               c_w.l(stdio.o)
    0x08000ed4   0x08000ed4   0x0000000a   Code   RO         1969    .text               c_w.l(defsig_exit.o)
    0x08000ede   0x08000ede   0x00000002   PAD
    0x08000ee0   0x08000ee0   0x00000034   Code   RO         1971    .text               c_w.l(defsig_rtred_inner.o)
    0x08000f14   0x08000f14   0x0000000c   Code   RO         1979    .text               c_w.l(sys_exit.o)
    0x08000f20   0x08000f20   0x0000000e   Code   RO         1990    .text               c_w.l(h1_init.o)
    0x08000f2e   0x08000f2e   0x00000034   Code   RO         1992    .text               c_w.l(h1_extend.o)
    0x08000f62   0x08000f62   0x00000042   Code   RO         2002    .text               c_w.l(ftell.o)
    0x08000fa4   0x08000fa4   0x00000032   Code   RO         2010    .text               c_w.l(defsig_general.o)
    0x08000fd6   0x08000fd6   0x0000000e   Code   RO         2012    .text               c_w.l(defsig_rtmem_outer.o)
    0x08000fe4   0x08000fe4   0x0000000e   Code   RO         2025    .text               c_w.l(sys_wrch.o)
    0x08000ff2   0x08000ff2   0x00000002   Code   RO         2029    .text               c_w.l(use_no_semi.o)
    0x08000ff4   0x08000ff4   0x00000000   Code   RO         2031    .text               c_w.l(indicate_semi.o)
    0x08000ff4   0x08000ff4   0x00000008   Code   RO         2035    .text               c_w.l(rt_errno_addr_intlibspace.o)
    0x08000ffc   0x08000ffc   0x00000050   Code   RO         2041    .text               c_w.l(defsig_rtmem_inner.o)
    0x0800104c   0x0800104c   0x0000009c   Code   RO            4    i.EXTI0_IRQHandler  main.o
    0x080010e8   0x080010e8   0x00000200   Code   RO         1265    i.HAL_GPIO_Init     stm32f4xx_hal_gpio.o
    0x080012e8   0x080012e8   0x0000000c   Code   RO         1269    i.HAL_GPIO_WritePin  stm32f4xx_hal_gpio.o
    0x080012f4   0x080012f4   0x0000003c   Code   RO          998    i.HAL_Init          stm32f4xx_hal.o
    0x08001330   0x08001330   0x00000028   Code   RO          999    i.HAL_InitTick      stm32f4xx_hal.o
    0x08001358   0x08001358   0x00000002   Code   RO         1001    i.HAL_MspInit       stm32f4xx_hal.o
    0x0800135a   0x0800135a   0x0000007c   Code   RO         1143    i.HAL_NVIC_SetPriority  stm32f4xx_hal_cortex.o
    0x080013d6   0x080013d6   0x00000002   PAD
    0x080013d8   0x080013d8   0x00000028   Code   RO         1144    i.HAL_NVIC_SetPriorityGrouping  stm32f4xx_hal_cortex.o
    0x08001400   0x08001400   0x0000000c   Code   RO         1508    i.HAL_RCC_GetHCLKFreq  stm32f4xx_hal_rcc.o
    0x0800140c   0x0800140c   0x00000028   Code   RO         1146    i.HAL_SYSTICK_CLKSourceConfig  stm32f4xx_hal_cortex.o
    0x08001434   0x08001434   0x00000034   Code   RO         1148    i.HAL_SYSTICK_Config  stm32f4xx_hal_cortex.o
    0x08001468   0x08001468   0x00000030   Code   RO          896    i.ITM_SendChar      retarget_io.o
    0x08001498   0x08001498   0x00000048   Code   RO            5    i.MX_GPIO_Init      main.o
    0x080014e0   0x080014e0   0x00000034   Code   RO          813    i.SysTick_Handler   port.o
    0x08001514   0x08001514   0x00000090   Code   RO            6    i.SystemClock_Config  main.o
    0x080015a4   0x080015a4   0x00000064   Code   RO         1651    i.SystemInit        system_stm32f4xx.o
    0x08001608   0x08001608   0x00000010   Code   RO         1150    i.__NVIC_GetPriorityGrouping  stm32f4xx_hal_cortex.o
    0x08001618   0x08001618   0x00000028   Code   RO         1151    i.__NVIC_SetPriority  stm32f4xx_hal_cortex.o
    0x08001640   0x08001640   0x00000040   Code   RO            7    i.__NVIC_SystemReset  main.o
    0x08001680   0x08001680   0x00000026   Code   RO          897    i._sys_close        retarget_io.o
    0x080016a6   0x080016a6   0x00000024   Code   RO          898    i._sys_flen         retarget_io.o
    0x080016ca   0x080016ca   0x00000024   Code   RO          899    i._sys_istty        retarget_io.o
    0x080016ee   0x080016ee   0x00000002   PAD
    0x080016f0   0x080016f0   0x00000068   Code   RO          900    i._sys_open         retarget_io.o
    0x08001758   0x08001758   0x0000002c   Code   RO          902    i._sys_seek         retarget_io.o
    0x08001784   0x08001784   0x00000046   Code   RO          903    i._sys_write        retarget_io.o
    0x080017ca   0x080017ca   0x00000002   PAD
    0x080017cc   0x080017cc   0x0000004c   Code   RO            8    i.checkTask         main.o
    0x08001818   0x08001818   0x00000060   Code   RO            9    i.configInputPin    main.o
    0x08001878   0x08001878   0x000000a8   Code   RO           10    i.configInterrupt   main.o
    0x08001920   0x08001920   0x0000001a   Code   RO         1762    i.fputc             c_w.l(fputc.o)
    0x0800193a   0x0800193a   0x00000002   PAD
    0x0800193c   0x0800193c   0x000000a8   Code   RO           11    i.main              main.o
    0x080019e4   0x080019e4   0x00000098   Code   RO          435    i.prvAddCurrentTaskToDelayedList  tasks.o
    0x08001a7c   0x08001a7c   0x000000b8   Code   RO          436    i.prvAddNewTaskToReadyList  tasks.o
    0x08001b34   0x08001b34   0x00000064   Code   RO          437    i.prvCheckTasksWaitingTermination  tasks.o
    0x08001b98   0x08001b98   0x0000002a   Code   RO          231    i.prvCopyDataFromQueue  queue.o
    0x08001bc2   0x08001bc2   0x0000007c   Code   RO          232    i.prvCopyDataToQueue  queue.o
    0x08001c3e   0x08001c3e   0x00000012   Code   RO          438    i.prvDeleteTCB      tasks.o
    0x08001c50   0x08001c50   0x00000038   Code   RO          774    i.prvHeapInit       heap_2.o
    0x08001c88   0x08001c88   0x00000008   Code   RO          439    i.prvIdleTask       tasks.o
    0x08001c90   0x08001c90   0x0000002a   Code   RO          234    i.prvInitialiseNewQueue  queue.o
    0x08001cba   0x08001cba   0x000000b4   Code   RO          440    i.prvInitialiseNewTask  tasks.o
    0x08001d6e   0x08001d6e   0x00000002   PAD
    0x08001d70   0x08001d70   0x00000068   Code   RO          441    i.prvInitialiseTaskLists  tasks.o
    0x08001dd8   0x08001dd8   0x0000001a   Code   RO          235    i.prvIsQueueEmpty   queue.o
    0x08001df2   0x08001df2   0x00000002   PAD
    0x08001df4   0x08001df4   0x00000034   Code   RO          443    i.prvResetNextTaskUnblockTime  tasks.o
    0x08001e28   0x08001e28   0x00000040   Code   RO          814    i.prvTaskExitError  port.o
    0x08001e68   0x08001e68   0x0000007e   Code   RO          237    i.prvUnlockQueue    queue.o
    0x08001ee6   0x08001ee6   0x00000002   PAD
    0x08001ee8   0x08001ee8   0x000000b8   Code   RO          775    i.pvPortMalloc      heap_2.o
    0x08001fa0   0x08001fa0   0x00000020   Code   RO          446    i.pvTaskIncrementMutexHeldCount  tasks.o
    0x08001fc0   0x08001fc0   0x0000002c   Code   RO          815    i.pxPortInitialiseStack  port.o
    0x08001fec   0x08001fec   0x0000000c   Code   RO          904    i.stdout_putchar    retarget_io.o
    0x08001ff8   0x08001ff8   0x00000028   Code   RO          181    i.uxListRemove      list.o
    0x08002020   0x08002020   0x0000001a   Code   RO          182    i.vListInitialise   list.o
    0x0800203a   0x0800203a   0x00000006   Code   RO          183    i.vListInitialiseItem  list.o
    0x08002040   0x08002040   0x00000034   Code   RO          184    i.vListInsert       list.o
    0x08002074   0x08002074   0x00000018   Code   RO          185    i.vListInsertEnd    list.o
    0x0800208c   0x0800208c   0x00000054   Code   RO          817    i.vPortEnterCritical  port.o
    0x080020e0   0x080020e0   0x0000003c   Code   RO          818    i.vPortExitCritical  port.o
    0x0800211c   0x0800211c   0x00000040   Code   RO          776    i.vPortFree         heap_2.o
    0x0800215c   0x0800215c   0x00000020   Code   RO          819    i.vPortSetupTimerInterrupt  port.o
    0x0800217c   0x0800217c   0x00000078   Code   RO          820    i.vPortValidateInterruptPriority  port.o
    0x080021f4   0x080021f4   0x0000008c   Code   RO           12    i.vRxTask           main.o
    0x08002280   0x08002280   0x0000000c   Code   RO          459    i.vTaskMissedYield  tasks.o
    0x0800228c   0x0800228c   0x00000038   Code   RO          461    i.vTaskPlaceOnEventList  tasks.o
    0x080022c4   0x080022c4   0x000000b0   Code   RO          463    i.vTaskPriorityInherit  tasks.o
    0x08002374   0x08002374   0x00000030   Code   RO          467    i.vTaskSetTimeOutState  tasks.o
    0x080023a4   0x080023a4   0x00000088   Code   RO          468    i.vTaskStartScheduler  tasks.o
    0x0800242c   0x0800242c   0x00000010   Code   RO          470    i.vTaskSuspendAll   tasks.o
    0x0800243c   0x0800243c   0x0000008c   Code   RO          471    i.vTaskSwitchContext  tasks.o
    0x080024c8   0x080024c8   0x0000013c   Code   RO          821    i.xPortStartScheduler  port.o
    0x08002604   0x08002604   0x00000058   Code   RO          249    i.xQueueGenericCreate  queue.o
    0x0800265c   0x0800265c   0x000001c4   Code   RO          250    i.xQueueGenericReceive  queue.o
    0x08002820   0x08002820   0x00000098   Code   RO          251    i.xQueueGenericReset  queue.o
    0x080028b8   0x080028b8   0x000000f8   Code   RO          253    i.xQueueGenericSendFromISR  queue.o
    0x080029b0   0x080029b0   0x0000008c   Code   RO          472    i.xTaskCheckForTimeOut  tasks.o
    0x08002a3c   0x08002a3c   0x00000060   Code   RO          473    i.xTaskCreate       tasks.o
    0x08002a9c   0x08002a9c   0x00000020   Code   RO          477    i.xTaskGetSchedulerState  tasks.o
    0x08002abc   0x08002abc   0x00000148   Code   RO          480    i.xTaskIncrementTick  tasks.o
    0x08002c04   0x08002c04   0x000000c8   Code   RO          483    i.xTaskPriorityDisinherit  tasks.o
    0x08002ccc   0x08002ccc   0x00000098   Code   RO          484    i.xTaskRemoveFromEventList  tasks.o
    0x08002d64   0x08002d64   0x00000104   Code   RO          486    i.xTaskResumeAll    tasks.o
    0x08002e68   0x08002e68   0x0000000a   Code   RO         1977    x$fpl$fpinit        fz_wm.l(fpinit.o)
    0x08002e72   0x08002e72   0x00000017   Data   RO          905    .constdata          retarget_io.o
    0x08002e89   0x08002e89   0x00000003   PAD
    0x08002e8c   0x08002e8c   0x00000024   Data   RO           13    .conststring        main.o
    0x08002eb0   0x08002eb0   0x00000020   Data   RO         2066    Region$$Table       anon$$obj.o


    Execution Region RW_IRAM1 (Exec base: 0x20000000, Load base: 0x08002ed0, Size: 0x000134a0, Max: 0x00020000, ABSOLUTE)

    Exec Addr    Load Addr    Size         Type   Attr      Idx    E Section Name        Object

    0x20000000   0x08002ed0   0x00000008   Data   RW           14    .data               main.o
    0x20000008   0x08002ed8   0x0000003c   Data   RW          489    .data               tasks.o
    0x20000044   0x08002f14   0x00000018   Data   RW          780    .data               heap_2.o
    0x2000005c   0x08002f2c   0x0000000c   Data   RW          822    .data               port.o
    0x20000068   0x08002f38   0x00000004   Data   RW         1653    .data               system_stm32f4xx.o
    0x2000006c   0x08002f3c   0x00000004   Data   RW         1735    .data               c_w.l(stdio_streams.o)
    0x20000070   0x08002f40   0x00000004   Data   RW         1736    .data               c_w.l(stdio_streams.o)
    0x20000074   0x08002f44   0x00000004   Data   RW         1737    .data               c_w.l(stdio_streams.o)
    0x20000078        -       0x000000c8   Zero   RW          488    .bss                tasks.o
    0x20000140        -       0x00012c00   Zero   RW          779    .bss                heap_2.o
    0x20012d40        -       0x00000054   Zero   RW         1732    .bss                c_w.l(stdio_streams.o)
    0x20012d94        -       0x00000054   Zero   RW         1733    .bss                c_w.l(stdio_streams.o)
    0x20012de8        -       0x00000054   Zero   RW         1734    .bss                c_w.l(stdio_streams.o)
    0x20012e3c        -       0x00000060   Zero   RW         1926    .bss                c_w.l(libspace.o)
    0x20012e9c   0x08002f48   0x00000004   PAD
    0x20012ea0        -       0x00000200   Zero   RW         1641    HEAP                startup_stm32f407xx.o
    0x200130a0        -       0x00000400   Zero   RW         1640    STACK               startup_stm32f407xx.o


==============================================================================

Image component sizes


      Code (inc. data)   RO Data    RW Data    ZI Data      Debug   Object Name

       304         46          0         24      76800       3891   heap_2.o
       148          0          0          0          0       5010   list.o
      1084        260         36          8          0     669965   main.o
       954         92          0         12          0      11985   port.o
      1300         12          0          0          0      18485   queue.o
       388         30         23          0          0       6802   retarget_io.o
        64         26        392          0       1536        912   startup_stm32f407xx.o
       102         10          0          0          0       1828   stm32f4xx_hal.o
       312         22          0          0          0      34144   stm32f4xx_hal_cortex.o
       524         46          0          0          0       2572   stm32f4xx_hal_gpio.o
        12          6          0          0          0        598   stm32f4xx_hal_rcc.o
       100         18          0          4          0       1495   system_stm32f4xx.o
      2622        338          0         60        200      21550   tasks.o

    ----------------------------------------------------------------------
      7928        906        486        108      78536     779237   Object Totals
         0          0         32          0          0          0   (incl. Generated)
        14          0          3          0          0          0   (incl. Padding)

    ----------------------------------------------------------------------

      Code (inc. data)   RO Data    RW Data    ZI Data      Debug   Library Member Name

         8          0          0          0          0         68   __main.o
       104          0          0          0          0         84   __printf.o
         0          0          0          0          0          0   __rtentry.o
        12          0          0          0          0          0   __rtentry2.o
         6          0          0          0          0          0   __rtentry4.o
        52          8          0          0          0          0   __scatter.o
        26          0          0          0          0          0   __scatter_copy.o
        28          0          0          0          0          0   __scatter_zi.o
        44          0          0          0          0        108   _printf_char.o
        48          6          0          0          0         96   _printf_char_common.o
        36          4          0          0          0         80   _printf_char_file.o
         0          0          0          0          0          0   _printf_percent.o
         4          0          0          0          0          0   _printf_percent_end.o
         6          0          0          0          0          0   _printf_s.o
        82          0          0          0          0         80   _printf_str.o
        16          0          0          0          0         68   aeabi_memset.o
        10          0          0          0          0         68   defsig_exit.o
        50          0          0          0          0         88   defsig_general.o
        80         58          0          0          0         76   defsig_rtmem_inner.o
        14          0          0          0          0         80   defsig_rtmem_outer.o
        52         38          0          0          0         76   defsig_rtred_inner.o
        14          0          0          0          0         80   defsig_rtred_outer.o
        18          0          0          0          0         80   exit.o
        76          0          0          0          0         88   fclose.o
         8          0          0          0          0         68   ferror.o
       470          0          0          0          0         88   flsbuf.o
       236          4          0          0          0        128   fopen.o
        26          0          0          0          0         68   fputc.o
       248          6          0          0          0         84   fseek.o
        66          0          0          0          0         76   ftell.o
        94          0          0          0          0         80   h1_alloc.o
        52          0          0          0          0         68   h1_extend.o
        78          0          0          0          0         80   h1_free.o
        14          0          0          0          0         84   h1_init.o
         6          0          0          0          0        152   heapauxi.o
         4          0          0          0          0        136   hguard.o
         0          0          0          0          0          0   indicate_semi.o
       138          0          0          0          0        168   init_alloc.o
       312         46          0          0          0        112   initio.o
         2          0          0          0          0          0   libinit.o
        18          0          0          0          0          0   libinit2.o
         2          0          0          0          0          0   libshutdown.o
         6          0          0          0          0          0   libshutdown2.o
         8          4          0          0         96         68   libspace.o
         0          0          0          0          0          0   maybetermalloc1.o
        24          4          0          0          0         84   noretval__2printf.o
         8          4          0          0          0         68   rt_errno_addr_intlibspace.o
         8          4          0          0          0         68   rt_heap_descriptor_intlibspace.o
        68          0          0          0          0         68   rt_memclr.o
        78          0          0          0          0         80   rt_memclr_w.o
       138          0          0          0          0         68   rt_memcpy_v6.o
       100          0          0          0          0         80   rt_memcpy_w.o
         2          0          0          0          0          0   rtexit.o
        10          0          0          0          0          0   rtexit2.o
        70          0          0          0          0         80   setvbuf.o
       240          6          0          0          0        156   stdio.o
         0          0          0         12        252          0   stdio_streams.o
       128          0          0          0          0         68   strcmpv7m.o
        12          4          0          0          0         68   sys_exit.o
        74          0          0          0          0         80   sys_stackheap_outer.o
        14          0          0          0          0         76   sys_wrch.o
         2          0          0          0          0         68   use_no_semi.o
        10          0          0          0          0        116   fpinit.o

    ----------------------------------------------------------------------
      3570        196          0         12        352       3908   Library Totals
        10          0          0          0          4          0   (incl. Padding)

    ----------------------------------------------------------------------

      Code (inc. data)   RO Data    RW Data    ZI Data      Debug   Library Name

      3550        196          0         12        348       3792   c_w.l
        10          0          0          0          0        116   fz_wm.l

    ----------------------------------------------------------------------
      3570        196          0         12        352       3908   Library Totals

    ----------------------------------------------------------------------

==============================================================================


      Code (inc. data)   RO Data    RW Data    ZI Data      Debug   

     11498       1102        486        120      78888     773613   Grand Totals
     11498       1102        486        120      78888     773613   ELF Image Totals
     11498       1102        486        120          0          0   ROM Totals

==============================================================================

    Total RO  Size (Code + RO Data)                11984 (  11.70kB)
    Total RW  Size (RW Data + ZI Data)             79008 (  77.16kB)
    Total ROM Size (Code + RO Data + RW Data)      12104 (  11.82kB)

==============================================================================

